<html>
<body>
<pre>
<h1>礦ision Build Log</h1>
<h2>Tool Versions:</h2>
IDE-Version: μVision V5.14.0.0
Copyright (C) 2015 ARM Ltd and ARM Germany GmbH. All rights reserved.
License Information: Lee Chao, HUST, LIC=IK1VE-55MWT-WDYK8-3M90V-6DJAI-BGK5V
 
Tool Versions:
Toolchain:       MDK-ARM Standard  Version: 5.14.0.0
Toolchain Path:  D:\software\Keil_v5\ARM\ARMCC\Bin
C Compiler:      Armcc.exe V5.05 update 1 (build 106)
Assembler:       Armasm.exe V5.05 update 1 (build 106)
Linker/Locator:  ArmLink.exe V5.05 update 1 (build 106)
Library Manager: ArmAr.exe V5.05 update 1 (build 106)
Hex Converter:   FromElf.exe V5.05 update 1 (build 106)
CPU DLL:         SARMCM3.DLL V5.14.0.0
Dialog DLL:      DCM.DLL V1.13.1.0
Target DLL:      STLink\ST-LINKIII-KEIL_SWO.dll V2.0.14.0_KEIL
Dialog DLL:      TCM.DLL V1.14.4.0
 
<h2>Project:</h2>
E:\国赛\电赛\KEIL_REMOTE_1 _ok\USER\REMOTE.uvprojx
Project File Date:  08/14/2015

<h2>Output:</h2>
Build target 'REMOTE'
compiling main.c...
main.c(344): warning:  #1035-D: single-precision operand implicitly converted to double-precision
               d=2550*sin(c*0.041);
main.c(345): warning:  #1035-D: single-precision operand implicitly converted to double-precision
               b=2550*cos(c*0.041);
main.c(371): warning:  #1035-D: single-precision operand implicitly converted to double-precision
                     d=d_v*sin(c*0.041);
main.c(372): warning:  #1035-D: single-precision operand implicitly converted to double-precision
                     b=b_v*cos(c*0.041);
main.c: 4 warnings, 0 errors
compiling inv_mpu.c...
compiling mpu6050.c...
compiling chatch.c...
compiling encoder.c...
compiling timer.c...
linking...
Program Size: Code=48660 RO-data=4692 RW-data=384 ZI-data=1968  
FromELF: creating hex file...
"..\OBJ\REMOTE.axf" - 0 Error(s), 4 Warning(s).

<h2>Collection of Component include folders:</h2>
  E:\国赛\电赛\KEIL_REMOTE_1 _ok\USER\RTE
  D:\software\Keil_v5\ARM\PACK\Keil\STM32F4xx_DFP\2.4.0

<h2>Collection of Component Files used:</h2>
</pre>
</body>
</html>
