Component: ARM Compiler 5.05 update 1 (build 106) Tool: armlink [4d0efa]

==============================================================================

Section Cross References

    main.o(.text) refers to misc.o(.text) for NVIC_PriorityGroupConfig
    main.o(.text) refers to delay.o(.text) for delay_init
    main.o(.text) refers to lcd.o(.text) for LCDInit
    main.o(.text) refers to mpu6050.o(.text) for MPU_Init
    main.o(.text) refers to inv_mpu.o(.text) for mpu_dmp_init
    main.o(.text) refers to remote.o(.text) for Remote_Init
    main.o(.text) refers to pwm.o(.text) for TIM3_PWM_Init
    main.o(.text) refers to chatch.o(.text) for EXTIX_Init
    main.o(.text) refers to pid.o(.text) for arm_pid_init_f32
    main.o(.text) refers to timer.o(.text) for TIM4_Int_Init
    main.o(.text) refers to stm32f4xx_rcc.o(.text) for RCC_AHB1PeriphClockCmd
    main.o(.text) refers to stm32f4xx_gpio.o(.text) for GPIO_Init
    main.o(.text) refers to dflt_clz.o(x$fpl$dflt) for __aeabi_i2d
    main.o(.text) refers to ddiv.o(x$fpl$ddiv) for __aeabi_ddiv
    main.o(.text) refers to atan.o(i.__hardfp_atan) for __hardfp_atan
    main.o(.text) refers to dmul.o(x$fpl$dmul) for __aeabi_dmul
    main.o(.text) refers to d2f.o(x$fpl$d2f) for __aeabi_d2f
    main.o(.text) refers to f2d.o(x$fpl$f2d) for __aeabi_f2d
    main.o(.text) refers to fabs.o(i.__hardfp_fabs) for __hardfp_fabs
    main.o(.text) refers to drleqf.o(x$fpl$drleqf) for __aeabi_cdrcmple
    main.o(.text) refers to stm32f4xx_tim.o(.text) for TIM_SetCompare4
    main.o(.text) refers to dleqf.o(x$fpl$dleqf) for __aeabi_cdcmple
    main.o(.text) refers to daddsub_clz.o(x$fpl$dsub) for __aeabi_dsub
    main.o(.text) refers to main.o(.bss) for S
    main.o(.text) refers to remote.o(.bss) for str
    main.o(.text) refers to remote.o(.data) for str_i
    main.o(.text) refers to main.o(.data) for x
    main.o(.text) refers to deqf.o(x$fpl$deqf) for __aeabi_cdcmpeq
    main.o(.text) refers to cos.o(i.__hardfp_cos) for __hardfp_cos
    main.o(.text) refers to daddsub_clz.o(x$fpl$dadd) for __aeabi_dadd
    main.o(.text) refers to sin.o(i.__hardfp_sin) for __hardfp_sin
    main.o(.text) refers to stm32f4xx_exti.o(.text) for EXTI_GenerateSWInterrupt
    main.o(.text) refers to timer.o(.data) for flag_b
    system_stm32f4xx.o(.text) refers to system_stm32f4xx.o(.data) for SystemCoreClock
    inv_mpu.o(.text) refers to _printf_pad.o(.text) for _printf_pre_padding
    inv_mpu.o(.text) refers to _printf_percent.o(.ARM.Collect$$_printf_percent$$00000000) for _printf_percent
    inv_mpu.o(.text) refers to _printf_x.o(.ARM.Collect$$_printf_percent$$0000000C) for _printf_x
    inv_mpu.o(.text) refers to _printf_hex_int.o(.text) for _printf_longlong_hex
    inv_mpu.o(.text) refers to _printf_d.o(.ARM.Collect$$_printf_percent$$00000009) for _printf_d
    inv_mpu.o(.text) refers to _printf_dec.o(.text) for _printf_int_dec
    inv_mpu.o(.text) refers to mpu6050.o(.text) for MPU_Write_Len
    inv_mpu.o(.text) refers to noretval__2printf.o(.text) for __2printf
    inv_mpu.o(.text) refers to delay.o(.text) for delay_ms
    inv_mpu.o(.text) refers to inv_mpu.o(.data) for st
    inv_mpu.o(.text) refers to inv_mpu.o(.conststring) for .conststring
    inv_mpu.o(.text) refers to inv_mpu.o(.constdata) for test
    inv_mpu.o(.text) refers to llsdiv.o(.text) for __aeabi_ldivmod
    inv_mpu.o(.text) refers to memcmp.o(.text) for memcmp
    inv_mpu.o(.text) refers to inv_mpu_dmp_motion_driver.o(.text) for dmp_set_gyro_bias
    inv_mpu.o(.text) refers to myiic.o(.text) for IIC_Init
    inv_mpu.o(.text) refers to f2d.o(x$fpl$f2d) for __aeabi_f2d
    inv_mpu.o(.text) refers to asin.o(i.__hardfp_asin) for __hardfp_asin
    inv_mpu.o(.text) refers to dmul.o(x$fpl$dmul) for __aeabi_dmul
    inv_mpu.o(.text) refers to d2f.o(x$fpl$d2f) for __aeabi_d2f
    inv_mpu.o(.text) refers to atan2.o(i.__hardfp_atan2) for __hardfp_atan2
    inv_mpu.o(.data) refers to inv_mpu.o(.constdata) for reg
    inv_mpu_dmp_motion_driver.o(.text) refers to inv_mpu.o(.text) for mpu_load_firmware
    inv_mpu_dmp_motion_driver.o(.text) refers to inv_mpu_dmp_motion_driver.o(.constdata) for dmp_memory
    inv_mpu_dmp_motion_driver.o(.text) refers to inv_mpu_dmp_motion_driver.o(.bss) for dmp
    inv_mpu_dmp_motion_driver.o(.text) refers to aeabi_memset.o(.text) for __aeabi_memset
    mpu6050.o(.text) refers to myiic.o(.text) for IIC_Start
    mpu6050.o(.text) refers to delay.o(.text) for delay_ms
    mpu6050.o(.text) refers to dflt_clz.o(x$fpl$dflt) for __aeabi_i2d
    mpu6050.o(.text) refers to ddiv.o(x$fpl$ddiv) for __aeabi_ddiv
    mpu6050.o(.text) refers to daddsub_clz.o(x$fpl$dadd) for __aeabi_dadd
    mpu6050.o(.text) refers to d2f.o(x$fpl$d2f) for __aeabi_d2f
    myiic.o(.text) refers to stm32f4xx_rcc.o(.text) for RCC_AHB1PeriphClockCmd
    myiic.o(.text) refers to stm32f4xx_gpio.o(.text) for GPIO_Init
    myiic.o(.text) refers to delay.o(.text) for delay_us
[...]
    mpu_set_sensors                          0x0800174b   Thumb Code   202  inv_mpu.o(.text)
    mpu_set_bypass                           0x08001815   Thumb Code   328  inv_mpu.o(.text)
    mpu_reset_fifo                           0x0800195d   Thumb Code   472  inv_mpu.o(.text)
    mpu_configure_fifo                       0x08001b35   Thumb Code   106  inv_mpu.o(.text)
    mpu_set_lpf                              0x08001b9f   Thumb Code   126  inv_mpu.o(.text)
    mpu_lp_accel_mode                        0x08001c1d   Thumb Code   218  inv_mpu.o(.text)
    mpu_set_sample_rate                      0x08001cf7   Thumb Code   152  inv_mpu.o(.text)
    mpu_set_accel_fsr                        0x08001d8f   Thumb Code   132  inv_mpu.o(.text)
    mpu_set_gyro_fsr                         0x08001e13   Thumb Code   132  inv_mpu.o(.text)
    mpu_init                                 0x08001e97   Thumb Code   416  inv_mpu.o(.text)
    mget_ms                                  0x08002037   Thumb Code     2  inv_mpu.o(.text)
    mpu_get_gyro_reg                         0x08002039   Thumb Code   110  inv_mpu.o(.text)
    mpu_get_accel_reg                        0x080020a7   Thumb Code   110  inv_mpu.o(.text)
    mpu_get_temperature                      0x08002115   Thumb Code   142  inv_mpu.o(.text)
    mpu_set_accel_bias                       0x080021a3   Thumb Code   472  inv_mpu.o(.text)
    mpu_get_gyro_fsr                         0x0800237b   Thumb Code    64  inv_mpu.o(.text)
    mpu_get_accel_fsr                        0x080023bb   Thumb Code    72  inv_mpu.o(.text)
    mpu_get_lpf                              0x08002403   Thumb Code    74  inv_mpu.o(.text)
    mpu_get_sample_rate                      0x0800244d   Thumb Code    26  inv_mpu.o(.text)
    mpu_get_compass_sample_rate              0x08002467   Thumb Code    10  inv_mpu.o(.text)
    mpu_set_compass_sample_rate              0x08002471   Thumb Code     8  inv_mpu.o(.text)
    mpu_get_gyro_sens                        0x08002479   Thumb Code    74  inv_mpu.o(.text)
    mpu_get_accel_sens                       0x080024c3   Thumb Code    78  inv_mpu.o(.text)
    mpu_get_fifo_config                      0x08002511   Thumb Code    12  inv_mpu.o(.text)
    mpu_get_power_state                      0x0800251d   Thumb Code    22  inv_mpu.o(.text)
    mpu_get_int_status                       0x08002533   Thumb Code    64  inv_mpu.o(.text)
    mpu_read_fifo                            0x08002573   Thumb Code   520  inv_mpu.o(.text)
    mpu_read_fifo_stream                     0x0800277b   Thumb Code   186  inv_mpu.o(.text)
    mpu_set_int_level                        0x08002835   Thumb Code    12  inv_mpu.o(.text)
    mpu_set_dmp_state                        0x08002f45   Thumb Code   138  inv_mpu.o(.text)
    mpu_run_self_test                        0x08002fcf   Thumb Code   278  inv_mpu.o(.text)
    mpu_write_mem                            0x080030e5   Thumb Code   122  inv_mpu.o(.text)
    mpu_read_mem                             0x0800315f   Thumb Code   122  inv_mpu.o(.text)
    mpu_load_firmware                        0x080031d9   Thumb Code   190  inv_mpu.o(.text)
    mpu_get_dmp_state                        0x08003297   Thumb Code    14  inv_mpu.o(.text)
    setup_compass                            0x080032a5   Thumb Code     6  inv_mpu.o(.text)
    mpu_get_compass_reg                      0x080032ab   Thumb Code     8  inv_mpu.o(.text)
    mpu_get_compass_fsr                      0x080032b3   Thumb Code     8  inv_mpu.o(.text)
    mpu_lp_motion_interrupt                  0x080032bb   Thumb Code   512  inv_mpu.o(.text)
    run_self_test                            0x080034bb   Thumb Code   154  inv_mpu.o(.text)
    inv_row_2_scale                          0x08003555   Thumb Code    78  inv_mpu.o(.text)
    inv_orientation_matrix_to_scalar         0x080035a3   Thumb Code    40  inv_mpu.o(.text)
    mpu_dmp_init                             0x080035cb   Thumb Code   160  inv_mpu.o(.text)
    mpu_dmp_get_data                         0x0800366b   Thumb Code   520  inv_mpu.o(.text)
    dmp_load_motion_driver_firmware          0x08003885   Thumb Code    20  inv_mpu_dmp_motion_driver.o(.text)
    dmp_set_orientation                      0x08003899   Thumb Code   290  inv_mpu_dmp_motion_driver.o(.text)
    dmp_set_gyro_bias                        0x080039bb   Thumb Code   294  inv_mpu_dmp_motion_driver.o(.text)
    dmp_set_accel_bias                       0x08003ae1   Thumb Code   300  inv_mpu_dmp_motion_driver.o(.text)
    dmp_set_fifo_rate                        0x08003c0d   Thumb Code   136  inv_mpu_dmp_motion_driver.o(.text)
    dmp_get_fifo_rate                        0x08003c95   Thumb Code    12  inv_mpu_dmp_motion_driver.o(.text)
    dmp_set_tap_thresh                       0x08003ca1   Thumb Code   412  inv_mpu_dmp_motion_driver.o(.text)
    dmp_set_tap_axes                         0x08003e3d   Thumb Code    70  inv_mpu_dmp_motion_driver.o(.text)
    dmp_set_tap_count                        0x08003e83   Thumb Code    38  inv_mpu_dmp_motion_driver.o(.text)
    dmp_set_tap_time                         0x08003ea9   Thumb Code    38  inv_mpu_dmp_motion_driver.o(.text)
    dmp_set_tap_time_multi                   0x08003ecf   Thumb Code    38  inv_mpu_dmp_motion_driver.o(.text)
    dmp_set_shake_reject_thresh              0x08003ef5   Thumb Code    56  inv_mpu_dmp_motion_driver.o(.text)
    dmp_set_shake_reject_time                0x08003f2d   Thumb Code    38  inv_mpu_dmp_motion_driver.o(.text)
    dmp_set_shake_reject_timeout             0x08003f53   Thumb Code    38  inv_mpu_dmp_motion_driver.o(.text)
    dmp_get_pedometer_step_count             0x08003f79   Thumb Code    66  inv_mpu_dmp_motion_driver.o(.text)
    dmp_set_pedometer_step_count             0x08003fbb   Thumb Code    42  inv_mpu_dmp_motion_driver.o(.text)
    dmp_get_pedometer_walk_time              0x08003fe5   Thumb Code    72  inv_mpu_dmp_motion_driver.o(.text)
    dmp_set_pedometer_walk_time              0x0800402d   Thumb Code    48  inv_mpu_dmp_motion_driver.o(.text)
    dmp_enable_6x_lp_quat                    0x0800405d   Thumb Code   100  inv_mpu_dmp_motion_driver.o(.text)
    dmp_enable_lp_quat                       0x080040c1   Thumb Code    60  inv_mpu_dmp_motion_driver.o(.text)
    dmp_enable_gyro_cal                      0x080040fd   Thumb Code    62  inv_mpu_dmp_motion_driver.o(.text)
    dmp_enable_feature                       0x0800413b   Thumb Code   530  inv_mpu_dmp_motion_driver.o(.text)
    dmp_get_enabled_features                 0x0800434d   Thumb Code    12  inv_mpu_dmp_motion_driver.o(.text)
    dmp_set_interrupt_mode                   0x080043b7   Thumb Code    66  inv_mpu_dmp_motion_driver.o(.text)
    dmp_read_fifo                            0x080043f9   Thumb Code   514  inv_mpu_dmp_motion_driver.o(.text)
    dmp_register_tap_cb                      0x080045fb   Thumb Code    10  inv_mpu_dmp_motion_driver.o(.text)
    dmp_register_android_orient_cb           0x08004605   Thumb Code    10  inv_mpu_dmp_motion_driver.o(.text)
    MPU_Write_Byte                           0x08004615   Thumb Code    68  mpu6050.o(.text)
    MPU_Set_LPF                              0x08004659   Thumb Code    58  mpu6050.o(.text)
    MPU_Set_Rate                             0x08004693   Thumb Code    58  mpu6050.o(.text)
    MPU_Read_Byte                            0x080046cd   Thumb Code    58  mpu6050.o(.text)
    MPU_Set_Accel_Fsr                        0x08004707   Thumb Code    16  mpu6050.o(.text)
    MPU_Set_Gyro_Fsr                         0x08004717   Thumb Code    16  mpu6050.o(.text)
    MPU_Init                                 0x08004727   Thumb Code   122  mpu6050.o(.text)
    MPU_Read_Len                             0x080047a1   Thumb Code   116  mpu6050.o(.text)
    MPU_Get_Temperature                      0x08004815   Thumb Code    94  mpu6050.o(.text)
    MPU_Get_Gyroscope                        0x08004873   Thumb Code    80  mpu6050.o(.text)
    MPU_Get_Accelerometer                    0x080048c3   Thumb Code    80  mpu6050.o(.text)
    MPU_Write_Len                            0x08004913   Thumb Code    96  mpu6050.o(.text)
    get_gyo                                  0x08004973   Thumb Code    80  mpu6050.o(.text)
    IIC_Init                                 0x080049d9   Thumb Code    62  myiic.o(.text)
    IIC_Start                                0x08004a17   Thumb Code    68  myiic.o(.text)
    IIC_Stop                                 0x08004a5b   Thumb Code    62  myiic.o(.text)
    IIC_Wait_Ack                             0x08004a99   Thumb Code    82  myiic.o(.text)
    IIC_Ack                                  0x08004aeb   Thumb Code    66  myiic.o(.text)
    IIC_NAck                                 0x08004b2d   Thumb Code    66  myiic.o(.text)
    IIC_Send_Byte                            0x08004b6f   Thumb Code    90  myiic.o(.text)
    IIC_Read_Byte                            0x08004bc9   Thumb Code    94  myiic.o(.text)
    TIM3_PWM_Init                            0x08004c35   Thumb Code   252  pwm.o(.text)
    TIM4_PWM_Init                            0x08004d31   Thumb Code   168  pwm.o(.text)
    TIM5_PWM_Init                            0x08004dd9   Thumb Code   156  pwm.o(.text)
    arm_pid_init_f32                         0x08004e8d   Thumb Code   168  pid.o(.text)
    arm_pid_speed                            0x08004f35   Thumb Code   202  pid.o(.text)
    arm_pid_state                            0x08004fff   Thumb Code   234  pid.o(.text)
    EXTIX_Init                               0x080050f1   Thumb Code   256  chatch.o(.text)
    EXTI0_IRQHandler                         0x080051f1   Thumb Code  1048  chatch.o(.text)
    EXTI1_IRQHandler                         0x08005609   Thumb Code   626  chatch.o(.text)
    EXTI2_IRQHandler                         0x0800587b   Thumb Code   166  chatch.o(.text)
    EXTI3_IRQHandler                         0x08005921   Thumb Code   558  chatch.o(.text)
    EXTI4_IRQHandler                         0x08005b4f   Thumb Code    26  chatch.o(.text)
    TIM5_Int_Init                            0x08005b99   Thumb Code    94  timer.o(.text)
    TIM4_Int_Init                            0x08005bf7   Thumb Code    92  timer.o(.text)
    TIM4_IRQHandler                          0x08005c53   Thumb Code    54  timer.o(.text)
    TIM5_IRQHandler                          0x08005c89   Thumb Code    74  timer.o(.text)
    gpiolcd_init                             0x08005d0d   Thumb Code    50  lcd.o(.text)
    SendByteLCD                              0x08005d3f   Thumb Code    74  lcd.o(.text)
    SPIWR                                    0x08005d89   Thumb Code    56  lcd.o(.text)
    lcd_wcmd                                 0x08005dc1   Thumb Code    40  lcd.o(.text)
    lcd_wdat                                 0x08005de9   Thumb Code    40  lcd.o(.text)
    LCDInit                                  0x08005e11   Thumb Code    34  lcd.o(.text)
    ShowQQChar                               0x08005e33   Thumb Code    52  lcd.o(.text)
    Remote_Init                              0x08005e6d   Thumb Code   218  remote.o(.text)
    TIM1_UP_TIM10_IRQHandler                 0x08005f47   Thumb Code   112  remote.o(.text)
    TIM1_CC_IRQHandler                       0x08005fb7   Thumb Code   286  remote.o(.text)
    Remote_Scan                              0x080060d5   Thumb Code    92  remote.o(.text)
    key_scan                                 0x08006131   Thumb Code   550  remote.o(.text)
    _sys_exit                                0x08006369   Thumb Code     6  usart.o(.text)
    fputc                                    0x0800636f   Thumb Code    22  usart.o(.text)
    uart_init                                0x08006385   Thumb Code   172  usart.o(.text)
    USART1_IRQHandler                        0x08006431   Thumb Code   122  usart.o(.text)
    delay_init                               0x080064bd   Thumb Code    52  delay.o(.text)
    delay_us                                 0x080064f1   Thumb Code    72  delay.o(.text)
    delay_xms                                0x08006539   Thumb Code    72  delay.o(.text)
    delay_ms                                 0x08006581   Thumb Code    56  delay.o(.text)
    Reset_Handler                            0x080065c1   Thumb Code     8  startup_stm32f40_41xxx.o(.text)
    ADC_IRQHandler                           0x080065db   Thumb Code     0  startup_stm32f40_41xxx.o(.text)
    CAN1_RX0_IRQHandler                      0x080065db   Thumb Code     0  startup_stm32f40_41xxx.o(.text)
    CAN1_RX1_IRQHandler                      0x080065db   Thumb Code     0  startup_stm32f40_41xxx.o(.text)
    CAN1_SCE_IRQHandler                      0x080065db   Thumb Code     0  startup_stm32f40_41xxx.o(.text)
    CAN1_TX_IRQHandler                       0x080065db   Thumb Code     0  startup_stm32f40_41xxx.o(.text)
    CAN2_RX0_IRQHandler                      0x080065db   Thumb Code     0  startup_stm32f40_41xxx.o(.text)
    CAN2_RX1_IRQHandler                      0x080065db   Thumb Code     0  startup_stm32f40_41xxx.o(.text)
    CAN2_SCE_IRQHandler                      0x080065db   Thumb Code     0  startup_stm32f40_41xxx.o(.text)
    CAN2_TX_IRQHandler                       0x080065db   Thumb Code     0  startup_stm32f40_41xxx.o(.text)
    CRYP_IRQHandler                          0x080065db   Thumb Code     0  startup_stm32f40_41xxx.o(.text)
    DCMI_IRQHandler                          0x080065db   Thumb Code     0  startup_stm32f40_41xxx.o(.text)
    DMA1_Stream0_IRQHandler                  0x080065db   Thumb Code     0  startup_stm32f40_41xxx.o(.text)
    DMA1_Stream1_IRQHandler                  0x080065db   Thumb Code     0  startup_stm32f40_41xxx.o(.text)
    DMA1_Stream2_IRQHandler                  0x080065db   Thumb Code     0  startup_stm32f40_41xxx.o(.text)
    DMA1_Stream3_IRQHandler                  0x080065db   Thumb Code     0  startup_stm32f40_41xxx.o(.text)
    DMA1_Stream4_IRQHandler                  0x080065db   Thumb Code     0  startup_stm32f40_41xxx.o(.text)
    DMA1_Stream5_IRQHandler                  0x080065db   Thumb Code     0  startup_stm32f40_41xxx.o(.text)
    DMA1_Stream6_IRQHandler                  0x080065db   Thumb Code     0  startup_stm32f40_41xxx.o(.text)
    DMA1_Stream7_IRQHandler                  0x080065db   Thumb Code     0  startup_stm32f40_41xxx.o(.text)
    DMA2_Stream0_IRQHandler                  0x080065db   Thumb Code     0  startup_stm32f40_41xxx.o(.text)
    DMA2_Stream1_IRQHandler                  0x080065db   Thumb Code     0  startup_stm32f40_41xxx.o(.text)
    DMA2_Stream2_IRQHandler                  0x080065db   Thumb Code     0  startup_stm32f40_41xxx.o(.text)
    DMA2_Stream3_IRQHandler                  0x080065db   Thumb Code     0  startup_stm32f40_41xxx.o(.text)
    DMA2_Stream4_IRQHandler                  0x080065db   Thumb Code     0  startup_stm32f40_41xxx.o(.text)
    DMA2_Stream5_IRQHandler                  0x080065db   Thumb Code     0  startup_stm32f40_41xxx.o(.text)
    DMA2_Stream6_IRQHandler                  0x080065db   Thumb Code     0  startup_stm32f40_41xxx.o(.text)
    DMA2_Stream7_IRQHandler                  0x080065db   Thumb Code     0  startup_stm32f40_41xxx.o(.text)
    ETH_IRQHandler                           0x080065db   Thumb Code     0  startup_stm32f40_41xxx.o(.text)
    ETH_WKUP_IRQHandler                      0x080065db   Thumb Code     0  startup_stm32f40_41xxx.o(.text)
    EXTI15_10_IRQHandler                     0x080065db   Thumb Code     0  startup_stm32f40_41xxx.o(.text)
    EXTI9_5_IRQHandler                       0x080065db   Thumb Code     0  startup_stm32f40_41xxx.o(.text)
    FLASH_IRQHandler                         0x080065db   Thumb Code     0  startup_stm32f40_41xxx.o(.text)
    FPU_IRQHandler                           0x080065db   Thumb Code     0  startup_stm32f40_41xxx.o(.text)
    FSMC_IRQHandler                          0x080065db   Thumb Code     0  startup_stm32f40_41xxx.o(.text)
    HASH_RNG_IRQHandler                      0x080065db   Thumb Code     0  startup_stm32f40_41xxx.o(.text)
    I2C1_ER_IRQHandler                       0x080065db   Thumb Code     0  startup_stm32f40_41xxx.o(.text)
    I2C1_EV_IRQHandler                       0x080065db   Thumb Code     0  startup_stm32f40_41xxx.o(.text)
    I2C2_ER_IRQHandler                       0x080065db   Thumb Code     0  startup_stm32f40_41xxx.o(.text)
    I2C2_EV_IRQHandler                       0x080065db   Thumb Code     0  startup_stm32f40_41xxx.o(.text)
    I2C3_ER_IRQHandler                       0x080065db   Thumb Code     0  startup_stm32f40_41xxx.o(.text)
    I2C3_EV_IRQHandler                       0x080065db   Thumb Code     0  startup_stm32f40_41xxx.o(.text)
    OTG_FS_IRQHandler                        0x080065db   Thumb Code     0  startup_stm32f40_41xxx.o(.text)
    OTG_FS_WKUP_IRQHandler                   0x080065db   Thumb Code     0  startup_stm32f40_41xxx.o(.text)
    OTG_HS_EP1_IN_IRQHandler                 0x080065db   Thumb Code     0  startup_stm32f40_41xxx.o(.text)
    OTG_HS_EP1_OUT_IRQHandler                0x080065db   Thumb Code     0  startup_stm32f40_41xxx.o(.text)
    OTG_HS_IRQHandler                        0x080065db   Thumb Code     0  startup_stm32f40_41xxx.o(.text)
    OTG_HS_WKUP_IRQHandler                   0x080065db   Thumb Code     0  startup_stm32f40_41xxx.o(.text)
    PVD_IRQHandler                           0x080065db   Thumb Code     0  startup_stm32f40_41xxx.o(.text)
    RCC_IRQHandler                           0x080065db   Thumb Code     0  startup_stm32f40_41xxx.o(.text)
    RTC_Alarm_IRQHandler                     0x080065db   Thumb Code     0  startup_stm32f40_41xxx.o(.text)
    RTC_WKUP_IRQHandler                      0x080065db   Thumb Code     0  startup_stm32f40_41xxx.o(.text)
    SDIO_IRQHandler                          0x080065db   Thumb Code     0  startup_stm32f40_41xxx.o(.text)
    SPI1_IRQHandler                          0x080065db   Thumb Code     0  startup_stm32f40_41xxx.o(.text)
    SPI2_IRQHandler                          0x080065db   Thumb Code     0  startup_stm32f40_41xxx.o(.text)
    SPI3_IRQHandler                          0x080065db   Thumb Code     0  startup_stm32f40_41xxx.o(.text)
    TAMP_STAMP_IRQHandler                    0x080065db   Thumb Code     0  startup_stm32f40_41xxx.o(.text)
    TIM1_BRK_TIM9_IRQHandler                 0x080065db   Thumb Code     0  startup_stm32f40_41xxx.o(.text)
    TIM1_TRG_COM_TIM11_IRQHandler            0x080065db   Thumb Code     0  startup_stm32f40_41xxx.o(.text)
    TIM2_IRQHandler                          0x080065db   Thumb Code     0  startup_stm32f40_41xxx.o(.text)
    TIM3_IRQHandler                          0x080065db   Thumb Code     0  startup_stm32f40_41xxx.o(.text)
    TIM6_DAC_IRQHandler                      0x080065db   Thumb Code     0  startup_stm32f40_41xxx.o(.text)
    TIM7_IRQHandler                          0x080065db   Thumb Code     0  startup_stm32f40_41xxx.o(.text)
    TIM8_BRK_TIM12_IRQHandler                0x080065db   Thumb Code     0  startup_stm32f40_41xxx.o(.text)
    TIM8_CC_IRQHandler                       0x080065db   Thumb Code     0  startup_stm32f40_41xxx.o(.text)
    TIM8_TRG_COM_TIM14_IRQHandler            0x080065db   Thumb Code     0  startup_stm32f40_41xxx.o(.text)
    TIM8_UP_TIM13_IRQHandler                 0x080065db   Thumb Code     0  startup_stm32f40_41xxx.o(.text)
    UART4_IRQHandler                         0x080065db   Thumb Code     0  startup_stm32f40_41xxx.o(.text)
    UART5_IRQHandler                         0x080065db   Thumb Code     0  startup_stm32f40_41xxx.o(.text)
    USART2_IRQHandler                        0x080065db   Thumb Code     0  startup_stm32f40_41xxx.o(.text)
    USART3_IRQHandler                        0x080065db   Thumb Code     0  startup_stm32f40_41xxx.o(.text)
    USART6_IRQHandler                        0x080065db   Thumb Code     0  startup_stm32f40_41xxx.o(.text)
    WWDG_IRQHandler                          0x080065db   Thumb Code     0  startup_stm32f40_41xxx.o(.text)
    __user_initial_stackheap                 0x080065dd   Thumb Code     0  startup_stm32f40_41xxx.o(.text)
    NVIC_PriorityGroupConfig                 0x08006601   Thumb Code    10  misc.o(.text)
    NVIC_Init                                0x0800660b   Thumb Code   106  misc.o(.text)
    NVIC_SetVectorTable                      0x08006675   Thumb Code    14  misc.o(.text)
    NVIC_SystemLPConfig                      0x08006683   Thumb Code    34  misc.o(.text)
    SysTick_CLKSourceConfig                  0x080066a5   Thumb Code    40  misc.o(.text)
    GPIO_DeInit                              0x080066e1   Thumb Code   268  stm32f4xx_gpio.o(.text)
    GPIO_Init                                0x080067ed   Thumb Code   144  stm32f4xx_gpio.o(.text)
    GPIO_StructInit                          0x0800687d   Thumb Code    18  stm32f4xx_gpio.o(.text)
    GPIO_PinLockConfig                       0x0800688f   Thumb Code    34  stm32f4xx_gpio.o(.text)
    GPIO_ReadInputDataBit                    0x080068b1   Thumb Code    18  stm32f4xx_gpio.o(.text)
    GPIO_ReadInputData                       0x080068c3   Thumb Code     8  stm32f4xx_gpio.o(.text)
    GPIO_ReadOutputDataBit                   0x080068cb   Thumb Code    18  stm32f4xx_gpio.o(.text)
    GPIO_ReadOutputData                      0x080068dd   Thumb Code     8  stm32f4xx_gpio.o(.text)
    GPIO_SetBits                             0x080068e5   Thumb Code     4  stm32f4xx_gpio.o(.text)
    GPIO_ResetBits                           0x080068e9   Thumb Code     4  stm32f4xx_gpio.o(.text)
    GPIO_WriteBit                            0x080068ed   Thumb Code    10  stm32f4xx_gpio.o(.text)
    GPIO_Write                               0x080068f7   Thumb Code     4  stm32f4xx_gpio.o(.text)
    GPIO_ToggleBits                          0x080068fb   Thumb Code     8  stm32f4xx_gpio.o(.text)
    GPIO_PinAFConfig                         0x08006903   Thumb Code    70  stm32f4xx_gpio.o(.text)
    RCC_DeInit                               0x08006975   Thumb Code    82  stm32f4xx_rcc.o(.text)
    RCC_HSEConfig                            0x080069c7   Thumb Code    14  stm32f4xx_rcc.o(.text)
    RCC_GetFlagStatus                        0x080069d5   Thumb Code    60  stm32f4xx_rcc.o(.text)
    RCC_WaitForHSEStartUp                    0x08006a11   Thumb Code    56  stm32f4xx_rcc.o(.text)
    RCC_AdjustHSICalibrationValue            0x08006a49   Thumb Code    20  stm32f4xx_rcc.o(.text)
    RCC_HSICmd                               0x08006a5d   Thumb Code     6  stm32f4xx_rcc.o(.text)
    RCC_LSEConfig                            0x08006a63   Thumb Code    46  stm32f4xx_rcc.o(.text)
    RCC_LSICmd                               0x08006a91   Thumb Code     6  stm32f4xx_rcc.o(.text)
    RCC_PLLConfig                            0x08006a97   Thumb Code    32  stm32f4xx_rcc.o(.text)
    RCC_PLLCmd                               0x08006ab7   Thumb Code     6  stm32f4xx_rcc.o(.text)
    RCC_PLLI2SConfig                         0x08006abd   Thumb Code    14  stm32f4xx_rcc.o(.text)
    RCC_PLLI2SCmd                            0x08006acb   Thumb Code     6  stm32f4xx_rcc.o(.text)
    RCC_PLLSAIConfig                         0x08006ad1   Thumb Code    20  stm32f4xx_rcc.o(.text)
    RCC_PLLSAICmd                            0x08006ae5   Thumb Code     6  stm32f4xx_rcc.o(.text)
    RCC_ClockSecuritySystemCmd               0x08006aeb   Thumb Code     6  stm32f4xx_rcc.o(.text)
    RCC_MCO1Config                           0x08006af1   Thumb Code    28  stm32f4xx_rcc.o(.text)
    RCC_MCO2Config                           0x08006b0d   Thumb Code    28  stm32f4xx_rcc.o(.text)
    RCC_SYSCLKConfig                         0x08006b29   Thumb Code    20  stm32f4xx_rcc.o(.text)
    RCC_GetSYSCLKSource                      0x08006b3d   Thumb Code    12  stm32f4xx_rcc.o(.text)
    RCC_HCLKConfig                           0x08006b49   Thumb Code    20  stm32f4xx_rcc.o(.text)
    RCC_PCLK1Config                          0x08006b5d   Thumb Code    20  stm32f4xx_rcc.o(.text)
    RCC_PCLK2Config                          0x08006b71   Thumb Code    22  stm32f4xx_rcc.o(.text)
    RCC_GetClocksFreq                        0x08006b87   Thumb Code   222  stm32f4xx_rcc.o(.text)
    RCC_RTCCLKConfig                         0x08006c65   Thumb Code    54  stm32f4xx_rcc.o(.text)
    RCC_RTCCLKCmd                            0x08006c9b   Thumb Code     8  stm32f4xx_rcc.o(.text)
    RCC_BackupResetCmd                       0x08006ca3   Thumb Code     8  stm32f4xx_rcc.o(.text)
    RCC_I2SCLKConfig                         0x08006cab   Thumb Code     6  stm32f4xx_rcc.o(.text)
    RCC_SAIPLLI2SClkDivConfig                0x08006cb1   Thumb Code    26  stm32f4xx_rcc.o(.text)
    RCC_SAIPLLSAIClkDivConfig                0x08006ccb   Thumb Code    28  stm32f4xx_rcc.o(.text)
    RCC_SAIBlockACLKConfig                   0x08006ce7   Thumb Code    20  stm32f4xx_rcc.o(.text)
    RCC_SAIBlockBCLKConfig                   0x08006cfb   Thumb Code    20  stm32f4xx_rcc.o(.text)
    RCC_LTDCCLKDivConfig                     0x08006d0f   Thumb Code    20  stm32f4xx_rcc.o(.text)
    RCC_TIMCLKPresConfig                     0x08006d23   Thumb Code     6  stm32f4xx_rcc.o(.text)
    RCC_AHB1PeriphClockCmd                   0x08006d29   Thumb Code    34  stm32f4xx_rcc.o(.text)
    RCC_AHB2PeriphClockCmd                   0x08006d4b   Thumb Code    78  stm32f4xx_rcc.o(.text)
    RCC_AHB3PeriphClockCmd                   0x08006d99   Thumb Code    34  stm32f4xx_rcc.o(.text)
    RCC_APB1PeriphClockCmd                   0x08006dbb   Thumb Code    34  stm32f4xx_rcc.o(.text)
    RCC_APB2PeriphClockCmd                   0x08006ddd   Thumb Code    34  stm32f4xx_rcc.o(.text)
    RCC_AHB1PeriphResetCmd                   0x08006dff   Thumb Code    34  stm32f4xx_rcc.o(.text)
    RCC_AHB2PeriphResetCmd                   0x08006e21   Thumb Code    34  stm32f4xx_rcc.o(.text)
    RCC_AHB3PeriphResetCmd                   0x08006e43   Thumb Code    34  stm32f4xx_rcc.o(.text)
    RCC_APB1PeriphResetCmd                   0x08006e65   Thumb Code    34  stm32f4xx_rcc.o(.text)
    RCC_APB2PeriphResetCmd                   0x08006e87   Thumb Code    34  stm32f4xx_rcc.o(.text)
    RCC_AHB1PeriphClockLPModeCmd             0x08006ea9   Thumb Code    34  stm32f4xx_rcc.o(.text)
    RCC_AHB2PeriphClockLPModeCmd             0x08006ecb   Thumb Code    34  stm32f4xx_rcc.o(.text)
    RCC_AHB3PeriphClockLPModeCmd             0x08006eed   Thumb Code    34  stm32f4xx_rcc.o(.text)
    RCC_APB1PeriphClockLPModeCmd             0x08006f0f   Thumb Code    34  stm32f4xx_rcc.o(.text)
    RCC_APB2PeriphClockLPModeCmd             0x08006f31   Thumb Code    34  stm32f4xx_rcc.o(.text)
    RCC_LSEModeConfig                        0x08006f53   Thumb Code    40  stm32f4xx_rcc.o(.text)
    RCC_ITConfig                             0x08006f7b   Thumb Code    34  stm32f4xx_rcc.o(.text)
    RCC_ClearFlag                            0x08006f9d   Thumb Code    18  stm32f4xx_rcc.o(.text)
    RCC_GetITStatus                          0x08006faf   Thumb Code    22  stm32f4xx_rcc.o(.text)
    RCC_ClearITPendingBit                    0x08006fc5   Thumb Code     8  stm32f4xx_rcc.o(.text)
    SYSCFG_DeInit                            0x08006fd1   Thumb Code    22  stm32f4xx_syscfg.o(.text)
    SYSCFG_MemoryRemapConfig                 0x08006fe7   Thumb Code     6  stm32f4xx_syscfg.o(.text)
    SYSCFG_MemorySwappingBank                0x08006fed   Thumb Code     6  stm32f4xx_syscfg.o(.text)
    SYSCFG_EXTILineConfig                    0x08006ff3   Thumb Code    66  stm32f4xx_syscfg.o(.text)
    SYSCFG_ETH_MediaInterfaceConfig          0x08007035   Thumb Code     8  stm32f4xx_syscfg.o(.text)
    SYSCFG_CompensationCellCmd               0x0800703d   Thumb Code     6  stm32f4xx_syscfg.o(.text)
    SYSCFG_GetCompensationCellStatus         0x08007043   Thumb Code    22  stm32f4xx_syscfg.o(.text)
    USART_DeInit                             0x08007065   Thumb Code   206  stm32f4xx_usart.o(.text)
    USART_Init                               0x08007133   Thumb Code   204  stm32f4xx_usart.o(.text)
    USART_StructInit                         0x080071ff   Thumb Code    24  stm32f4xx_usart.o(.text)
    USART_ClockInit                          0x08007217   Thumb Code    32  stm32f4xx_usart.o(.text)
    USART_ClockStructInit                    0x08007237   Thumb Code    12  stm32f4xx_usart.o(.text)
    USART_Cmd                                0x08007243   Thumb Code    24  stm32f4xx_usart.o(.text)
    USART_SetPrescaler                       0x0800725b   Thumb Code    16  stm32f4xx_usart.o(.text)
    USART_OverSampling8Cmd                   0x0800726b   Thumb Code    22  stm32f4xx_usart.o(.text)
    USART_OneBitMethodCmd                    0x08007281   Thumb Code    24  stm32f4xx_usart.o(.text)
    USART_SendData                           0x08007299   Thumb Code     8  stm32f4xx_usart.o(.text)
    USART_ReceiveData                        0x080072a1   Thumb Code    10  stm32f4xx_usart.o(.text)
    USART_SetAddress                         0x080072ab   Thumb Code    18  stm32f4xx_usart.o(.text)
    USART_ReceiverWakeUpCmd                  0x080072bd   Thumb Code    24  stm32f4xx_usart.o(.text)
    USART_WakeUpConfig                       0x080072d5   Thumb Code    18  stm32f4xx_usart.o(.text)
    USART_LINBreakDetectLengthConfig         0x080072e7   Thumb Code    18  stm32f4xx_usart.o(.text)
    USART_LINCmd                             0x080072f9   Thumb Code    24  stm32f4xx_usart.o(.text)
    USART_SendBreak                          0x08007311   Thumb Code    10  stm32f4xx_usart.o(.text)
    USART_HalfDuplexCmd                      0x0800731b   Thumb Code    24  stm32f4xx_usart.o(.text)
    USART_SetGuardTime                       0x08007333   Thumb Code    16  stm32f4xx_usart.o(.text)
    USART_SmartCardCmd                       0x08007343   Thumb Code    24  stm32f4xx_usart.o(.text)
    USART_SmartCardNACKCmd                   0x0800735b   Thumb Code    24  stm32f4xx_usart.o(.text)
    USART_IrDAConfig                         0x08007373   Thumb Code    18  stm32f4xx_usart.o(.text)
    USART_IrDACmd                            0x08007385   Thumb Code    24  stm32f4xx_usart.o(.text)
    USART_DMACmd                             0x0800739d   Thumb Code    18  stm32f4xx_usart.o(.text)
    USART_ITConfig                           0x080073af   Thumb Code    74  stm32f4xx_usart.o(.text)
    USART_GetFlagStatus                      0x080073f9   Thumb Code    26  stm32f4xx_usart.o(.text)
    USART_ClearFlag                          0x08007413   Thumb Code    18  stm32f4xx_usart.o(.text)
    USART_GetITStatus                        0x08007425   Thumb Code   118  stm32f4xx_usart.o(.text)
    USART_ClearITPendingBit                  0x0800749b   Thumb Code    30  stm32f4xx_usart.o(.text)
    TIM_DeInit                               0x080074b9   Thumb Code   346  stm32f4xx_tim.o(.text)
    TIM_TimeBaseInit                         0x08007613   Thumb Code   104  stm32f4xx_tim.o(.text)
    TIM_TimeBaseStructInit                   0x0800767b   Thumb Code    18  stm32f4xx_tim.o(.text)
    TIM_PrescalerConfig                      0x0800768d   Thumb Code     6  stm32f4xx_tim.o(.text)
    TIM_CounterModeConfig                    0x08007693   Thumb Code    18  stm32f4xx_tim.o(.text)
    TIM_SetCounter                           0x080076a5   Thumb Code     4  stm32f4xx_tim.o(.text)
    TIM_SetAutoreload                        0x080076a9   Thumb Code     4  stm32f4xx_tim.o(.text)
    TIM_GetCounter                           0x080076ad   Thumb Code     6  stm32f4xx_tim.o(.text)
    TIM_GetPrescaler                         0x080076b3   Thumb Code     6  stm32f4xx_tim.o(.text)
    TIM_UpdateDisableConfig                  0x080076b9   Thumb Code    24  stm32f4xx_tim.o(.text)
    TIM_UpdateRequestConfig                  0x080076d1   Thumb Code    24  stm32f4xx_tim.o(.text)
    TIM_ARRPreloadConfig                     0x080076e9   Thumb Code    24  stm32f4xx_tim.o(.text)
    TIM_SelectOnePulseMode                   0x08007701   Thumb Code    18  stm32f4xx_tim.o(.text)
    TIM_SetClockDivision                     0x08007713   Thumb Code    18  stm32f4xx_tim.o(.text)
    TIM_Cmd                                  0x08007725   Thumb Code    24  stm32f4xx_tim.o(.text)
    TIM_OC1Init                              0x0800773d   Thumb Code   114  stm32f4xx_tim.o(.text)
    TIM_OC2Init                              0x080077af   Thumb Code   154  stm32f4xx_tim.o(.text)
    TIM_OC3Init                              0x08007849   Thumb Code   204  stm32f4xx_tim.o(.text)
    TIM_OC4Init                              0x08007915   Thumb Code   112  stm32f4xx_tim.o(.text)
    TIM_OCStructInit                         0x08007985   Thumb Code    20  stm32f4xx_tim.o(.text)
    TIM_SelectOCxM                           0x08007999   Thumb Code    86  stm32f4xx_tim.o(.text)
    TIM_SetCompare1                          0x080079ef   Thumb Code     4  stm32f4xx_tim.o(.text)
    TIM_SetCompare2                          0x080079f3   Thumb Code     4  stm32f4xx_tim.o(.text)
    TIM_SetCompare3                          0x080079f7   Thumb Code     4  stm32f4xx_tim.o(.text)
    TIM_SetCompare4                          0x080079fb   Thumb Code     4  stm32f4xx_tim.o(.text)
    TIM_ForcedOC1Config                      0x080079ff   Thumb Code    18  stm32f4xx_tim.o(.text)
    TIM_ForcedOC2Config                      0x08007a11   Thumb Code    26  stm32f4xx_tim.o(.text)
    TIM_ForcedOC3Config                      0x08007a2b   Thumb Code    18  stm32f4xx_tim.o(.text)
    TIM_ForcedOC4Config                      0x08007a3d   Thumb Code    26  stm32f4xx_tim.o(.text)
    TIM_OC1PreloadConfig                     0x08007a57   Thumb Code    18  stm32f4xx_tim.o(.text)
    TIM_OC2PreloadConfig                     0x08007a69   Thumb Code    26  stm32f4xx_tim.o(.text)
    TIM_OC3PreloadConfig                     0x08007a83   Thumb Code    18  stm32f4xx_tim.o(.text)
    TIM_OC4PreloadConfig                     0x08007a95   Thumb Code    26  stm32f4xx_tim.o(.text)
    TIM_OC1FastConfig                        0x08007aaf   Thumb Code    18  stm32f4xx_tim.o(.text)
    TIM_OC2FastConfig                        0x08007ac1   Thumb Code    26  stm32f4xx_tim.o(.text)
    TIM_OC3FastConfig                        0x08007adb   Thumb Code    18  stm32f4xx_tim.o(.text)
    TIM_OC4FastConfig                        0x08007aed   Thumb Code    26  stm32f4xx_tim.o(.text)
    TIM_ClearOC1Ref                          0x08007b07   Thumb Code    18  stm32f4xx_tim.o(.text)
    TIM_ClearOC2Ref                          0x08007b19   Thumb Code    24  stm32f4xx_tim.o(.text)
    TIM_ClearOC3Ref                          0x08007b31   Thumb Code    18  stm32f4xx_tim.o(.text)
    TIM_ClearOC4Ref                          0x08007b43   Thumb Code    24  stm32f4xx_tim.o(.text)
    TIM_OC1PolarityConfig                    0x08007b5b   Thumb Code    18  stm32f4xx_tim.o(.text)
    TIM_OC1NPolarityConfig                   0x08007b6d   Thumb Code    18  stm32f4xx_tim.o(.text)
    TIM_OC2PolarityConfig                    0x08007b7f   Thumb Code    26  stm32f4xx_tim.o(.text)
    TIM_OC2NPolarityConfig                   0x08007b99   Thumb Code    26  stm32f4xx_tim.o(.text)
    TIM_OC3PolarityConfig                    0x08007bb3   Thumb Code    26  stm32f4xx_tim.o(.text)
    TIM_OC3NPolarityConfig                   0x08007bcd   Thumb Code    26  stm32f4xx_tim.o(.text)
    TIM_OC4PolarityConfig                    0x08007be7   Thumb Code    26  stm32f4xx_tim.o(.text)
    TIM_CCxCmd                               0x08007c01   Thumb Code    30  stm32f4xx_tim.o(.text)
    TIM_CCxNCmd                              0x08007c1f   Thumb Code    30  stm32f4xx_tim.o(.text)
    TIM_SetIC4Prescaler                      0x08007c3d   Thumb Code    26  stm32f4xx_tim.o(.text)
    TIM_SetIC3Prescaler                      0x08007ca7   Thumb Code    18  stm32f4xx_tim.o(.text)
    TIM_SetIC2Prescaler                      0x08007d01   Thumb Code    26  stm32f4xx_tim.o(.text)
    TIM_SetIC1Prescaler                      0x08007d75   Thumb Code    18  stm32f4xx_tim.o(.text)
    TIM_ICInit                               0x08007dc1   Thumb Code   110  stm32f4xx_tim.o(.text)
    TIM_ICStructInit                         0x08007e2f   Thumb Code    18  stm32f4xx_tim.o(.text)
    TIM_PWMIConfig                           0x08007e41   Thumb Code   124  stm32f4xx_tim.o(.text)
    TIM_GetCapture1                          0x08007ebd   Thumb Code     6  stm32f4xx_tim.o(.text)
    TIM_GetCapture2                          0x08007ec3   Thumb Code     6  stm32f4xx_tim.o(.text)
    TIM_GetCapture3                          0x08007ec9   Thumb Code     6  stm32f4xx_tim.o(.text)
    TIM_GetCapture4                          0x08007ecf   Thumb Code     6  stm32f4xx_tim.o(.text)
    TIM_BDTRConfig                           0x08007ed5   Thumb Code    32  stm32f4xx_tim.o(.text)
    TIM_BDTRStructInit                       0x08007ef5   Thumb Code    18  stm32f4xx_tim.o(.text)
    TIM_CtrlPWMOutputs                       0x08007f07   Thumb Code    30  stm32f4xx_tim.o(.text)
    TIM_SelectCOM                            0x08007f25   Thumb Code    24  stm32f4xx_tim.o(.text)
    TIM_CCPreloadControl                     0x08007f3d   Thumb Code    24  stm32f4xx_tim.o(.text)
    TIM_ITConfig                             0x08007f55   Thumb Code    18  stm32f4xx_tim.o(.text)
    TIM_GenerateEvent                        0x08007f67   Thumb Code     4  stm32f4xx_tim.o(.text)
    TIM_GetFlagStatus                        0x08007f6b   Thumb Code    18  stm32f4xx_tim.o(.text)
    TIM_ClearFlag                            0x08007f7d   Thumb Code     6  stm32f4xx_tim.o(.text)
    TIM_GetITStatus                          0x08007f83   Thumb Code    34  stm32f4xx_tim.o(.text)
    TIM_ClearITPendingBit                    0x08007fa5   Thumb Code     6  stm32f4xx_tim.o(.text)
    TIM_DMAConfig                            0x08007fab   Thumb Code    10  stm32f4xx_tim.o(.text)
    TIM_DMACmd                               0x08007fb5   Thumb Code    18  stm32f4xx_tim.o(.text)
    TIM_SelectCCDMA                          0x08007fc7   Thumb Code    24  stm32f4xx_tim.o(.text)
    TIM_InternalClockConfig                  0x08007fdf   Thumb Code    12  stm32f4xx_tim.o(.text)
    TIM_SelectInputTrigger                   0x08007feb   Thumb Code    18  stm32f4xx_tim.o(.text)
    TIM_ITRxExternalClockConfig              0x08007ffd   Thumb Code    24  stm32f4xx_tim.o(.text)
    TIM_TIxExternalClockConfig               0x08008015   Thumb Code    62  stm32f4xx_tim.o(.text)
    TIM_ETRConfig                            0x08008053   Thumb Code    28  stm32f4xx_tim.o(.text)
    TIM_ETRClockMode1Config                  0x0800806f   Thumb Code    54  stm32f4xx_tim.o(.text)
    TIM_ETRClockMode2Config                  0x080080a5   Thumb Code    32  stm32f4xx_tim.o(.text)
    TIM_SelectOutputTrigger                  0x080080c5   Thumb Code    18  stm32f4xx_tim.o(.text)
    TIM_SelectSlaveMode                      0x080080d7   Thumb Code    18  stm32f4xx_tim.o(.text)
    TIM_SelectMasterSlaveMode                0x080080e9   Thumb Code    18  stm32f4xx_tim.o(.text)
    TIM_EncoderInterfaceConfig               0x080080fb   Thumb Code    66  stm32f4xx_tim.o(.text)
    TIM_SelectHallSensor                     0x0800813d   Thumb Code    24  stm32f4xx_tim.o(.text)
    TIM_RemapConfig                          0x08008155   Thumb Code     6  stm32f4xx_tim.o(.text)
    EXTI_DeInit                              0x0800815d   Thumb Code    28  stm32f4xx_exti.o(.text)
    EXTI_Init                                0x08008179   Thumb Code   142  stm32f4xx_exti.o(.text)
    EXTI_StructInit                          0x08008207   Thumb Code    16  stm32f4xx_exti.o(.text)
    EXTI_GenerateSWInterrupt                 0x08008217   Thumb Code    16  stm32f4xx_exti.o(.text)
    EXTI_GetFlagStatus                       0x08008227   Thumb Code    22  stm32f4xx_exti.o(.text)
    EXTI_ClearFlag                           0x0800823d   Thumb Code     8  stm32f4xx_exti.o(.text)
    EXTI_GetITStatus                         0x08008245   Thumb Code    22  stm32f4xx_exti.o(.text)
    EXTI_ClearITPendingBit                   0x0800825b   Thumb Code     8  stm32f4xx_exti.o(.text)
    __use_no_semihosting                     0x0800826d   Thumb Code     2  use_no_semi_2.o(.text)
    __aeabi_ldivmod                          0x0800826f   Thumb Code     0  llsdiv.o(.text)
    _ll_sdiv                                 0x0800826f   Thumb Code    72  llsdiv.o(.text)
    __2printf                                0x080082b9   Thumb Code    20  noretval__2printf.o(.text)
    _printf_pre_padding                      0x080082d1   Thumb Code    44  _printf_pad.o(.text)
    _printf_post_padding                     0x080082fd   Thumb Code    34  _printf_pad.o(.text)
    _printf_int_dec                          0x08008321   Thumb Code   104  _printf_dec.o(.text)
    _printf_int_hex                          0x08008399   Thumb Code    84  _printf_hex_int.o(.text)
    _printf_longlong_hex                     0x08008399   Thumb Code     0  _printf_hex_int.o(.text)
    __printf                                 0x080083f1   Thumb Code   308  __printf_flags_wp.o(.text)
    memcmp                                   0x08008529   Thumb Code    88  memcmp.o(.text)
    strlen                                   0x08008581   Thumb Code    62  strlen.o(.text)
    __aeabi_memset                           0x080085bf   Thumb Code    16  aeabi_memset.o(.text)
    __aeabi_memclr4                          0x080085cf   Thumb Code     0  rt_memclr_w.o(.text)
    __aeabi_memclr8                          0x080085cf   Thumb Code     0  rt_memclr_w.o(.text)
    __rt_memclr_w                            0x080085cf   Thumb Code    78  rt_memclr_w.o(.text)
    _memset_w                                0x080085d3   Thumb Code     0  rt_memclr_w.o(.text)
    __use_two_region_memory                  0x0800861d   Thumb Code     2  heapauxi.o(.text)
    __rt_heap_escrow$2region                 0x0800861f   Thumb Code     2  heapauxi.o(.text)
    __rt_heap_expand$2region                 0x08008621   Thumb Code     2  heapauxi.o(.text)
    __I$use$semihosting                      0x08008623   Thumb Code     0  use_no_semi.o(.text)
    __use_no_semihosting_swi                 0x08008623   Thumb Code     2  use_no_semi.o(.text)
    __aeabi_uldivmod                         0x08008625   Thumb Code     0  lludivv7m.o(.text)
    _ll_udiv                                 0x08008625   Thumb Code   238  lludivv7m.o(.text)
    __read_errno                             0x08008713   Thumb Code    10  _rserrno.o(.text)
    __set_errno                              0x0800871d   Thumb Code    12  _rserrno.o(.text)
    _printf_int_common                       0x08008729   Thumb Code   178  _printf_intcommon.o(.text)
    _printf_char_file                        0x080087dd   Thumb Code    32  _printf_char_file.o(.text)
    __strtod_int                             0x0800883d   Thumb Code    88  strtod.o(.text)
    __aeabi_memclr                           0x080088a1   Thumb Code     0  rt_memclr.o(.text)
    __rt_memclr                              0x080088a1   Thumb Code    68  rt_memclr.o(.text)
    _memset                                  0x080088a5   Thumb Code     0  rt_memclr.o(.text)
    __aeabi_errno_addr                       0x080088e5   Thumb Code     8  rt_errno_addr_intlibspace.o(.text)
    __errno$intlibspace                      0x080088e5   Thumb Code     0  rt_errno_addr_intlibspace.o(.text)
    __rt_errno_addr$intlibspace              0x080088e5   Thumb Code     0  rt_errno_addr_intlibspace.o(.text)
    isspace                                  0x080088ed   Thumb Code    18  isspace.o(.text)
    _printf_char_common                      0x0800890b   Thumb Code    32  _printf_char_common.o(.text)
    _sgetc                                   0x08008931   Thumb Code    30  _sgetc.o(.text)
    _sbackspace                              0x0800894f   Thumb Code    34  _sgetc.o(.text)
    ferror                                   0x08008971   Thumb Code     8  ferror.o(.text)
    __user_libspace                          0x08008979   Thumb Code     8  libspace.o(.text)
    __user_perproc_libspace                  0x08008979   Thumb Code     0  libspace.o(.text)
    __user_perthread_libspace                0x08008979   Thumb Code     0  libspace.o(.text)
    __user_setup_stackheap                   0x08008981   Thumb Code    74  sys_stackheap_outer.o(.text)
    __rt_ctype_table                         0x080089cd   Thumb Code    16  rt_ctype_table.o(.text)
    _scanf_really_real                       0x08008bd9   Thumb Code   668  scanf_fp.o(.text)
    exit                                     0x08008e81   Thumb Code    12  exit.o(.text)
    strcmp                                   0x08008e8d   Thumb Code   128  strcmpv7m.o(.text)
    __rt_locale                              0x08008f0d   Thumb Code     8  rt_locale_intlibspace.o(.text)
    _btod_etento                             0x08008f15   Thumb Code   216  bigflt0.o(.text)
    _scanf_really_hex_real                   0x08008ff1   Thumb Code   778  scanf_hexfp.o(.text)
    _scanf_really_infnan                     0x08009309   Thumb Code   292  scanf_infnan.o(.text)
    __aeabi_llsl                             0x0800943d   Thumb Code     0  llshl.o(.text)
    _ll_shift_l                              0x0800943d   Thumb Code    38  llshl.o(.text)
    _chval                                   0x08009463   Thumb Code    28  _chval.o(.text)
    __btod_div_common                        0x0800947f   Thumb Code   696  btod.o(CL$$btod_div_common)
    _e2d                                     0x080097b9   Thumb Code    80  btod.o(CL$$btod_e2d)
    _e2e                                     0x0800980d   Thumb Code   198  btod.o(CL$$btod_e2e)
    _btod_ediv                               0x080098d3   Thumb Code    40  btod.o(CL$$btod_ediv)
    _btod_edivd                              0x080098fb   Thumb Code    40  btod.o(CL$$btod_edivd)
    _btod_emul                               0x08009923   Thumb Code    40  btod.o(CL$$btod_emul)
    _btod_emuld                              0x0800994b   Thumb Code    40  btod.o(CL$$btod_emuld)
    __btod_mult_common                       0x08009973   Thumb Code   580  btod.o(CL$$btod_mult_common)
    __ARM_fpclassify                         0x08009bb7   Thumb Code    48  fpclassify.o(i.__ARM_fpclassify)
    __hardfp_asin                            0x08009be9   Thumb Code   770  asin.o(i.__hardfp_asin)
    __hardfp_atan                            0x08009f49   Thumb Code   622  atan.o(i.__hardfp_atan)
    __hardfp_atan2                           0x0800a221   Thumb Code   432  atan2.o(i.__hardfp_atan2)
    __hardfp_atof                            0x0800a411   Thumb Code    44  atof.o(i.__hardfp_atof)
    __hardfp_cos                             0x0800a449   Thumb Code   180  cos.o(i.__hardfp_cos)
    __hardfp_fabs                            0x0800a511   Thumb Code    20  fabs.o(i.__hardfp_fabs)
    __hardfp_ldexp                           0x0800a529   Thumb Code   200  ldexp.o(i.__hardfp_ldexp)
    __hardfp_sin                             0x0800a5f9   Thumb Code   180  sin.o(i.__hardfp_sin)
    __ieee754_rem_pio2                       0x0800a6c1   Thumb Code   938  rred.o(i.__ieee754_rem_pio2)
    __kernel_cos                             0x0800aaf9   Thumb Code   322  cos_i.o(i.__kernel_cos)
    __kernel_poly                            0x0800ac69   Thumb Code   248  poly.o(i.__kernel_poly)
    __kernel_sin                             0x0800ad61   Thumb Code   280  sin_i.o(i.__kernel_sin)
    __mathlib_dbl_infnan                     0x0800ae91   Thumb Code    20  dunder.o(i.__mathlib_dbl_infnan)
    __mathlib_dbl_infnan2                    0x0800aea5   Thumb Code    20  dunder.o(i.__mathlib_dbl_infnan2)
    __mathlib_dbl_invalid                    0x0800aeb9   Thumb Code    24  dunder.o(i.__mathlib_dbl_invalid)
    __mathlib_dbl_overflow                   0x0800aed9   Thumb Code    24  dunder.o(i.__mathlib_dbl_overflow)
    __mathlib_dbl_underflow                  0x0800aef9   Thumb Code    24  dunder.o(i.__mathlib_dbl_underflow)
    __mathlib_narrow                         0x0800af19   Thumb Code   166  narrow.o(i.__mathlib_narrow)
    __support_ldexp                          0x0800afd1   Thumb Code    20  ldexp.o(i.__support_ldexp)
    _is_digit                                0x0800afe5   Thumb Code    14  __printf_wp.o(i._is_digit)
    atan                                     0x0800aff3   Thumb Code    16  atan.o(i.atan)
    fabs                                     0x0800b003   Thumb Code    24  fabs.o(i.fabs)
    frexp                                    0x0800b021   Thumb Code   118  frexp.o(i.frexp)
    sqrt                                     0x0800b0ad   Thumb Code   110  sqrt.o(i.sqrt)
    _get_lc_numeric                          0x0800b11d   Thumb Code    44  lc_numeric_c.o(locale$$code)
    _get_lc_ctype                            0x0800b149   Thumb Code    44  lc_ctype_c.o(locale$$code)
    __aeabi_dneg                             0x0800b175   Thumb Code     0  basic.o(x$fpl$basic)
    _dneg                                    0x0800b175   Thumb Code     6  basic.o(x$fpl$basic)
    __aeabi_fneg                             0x0800b17b   Thumb Code     0  basic.o(x$fpl$basic)
    _fneg                                    0x0800b17b   Thumb Code     6  basic.o(x$fpl$basic)
    _dabs                                    0x0800b181   Thumb Code     6  basic.o(x$fpl$basic)
    _fabs                                    0x0800b187   Thumb Code     6  basic.o(x$fpl$basic)
    __aeabi_d2f                              0x0800b18d   Thumb Code     0  d2f.o(x$fpl$d2f)
    _d2f                                     0x0800b18d   Thumb Code    98  d2f.o(x$fpl$d2f)
    __aeabi_dadd                             0x0800b1f1   Thumb Code     0  daddsub_clz.o(x$fpl$dadd)
    _dadd                                    0x0800b1f1   Thumb Code   332  daddsub_clz.o(x$fpl$dadd)
    __fpl_dcheck_NaN1                        0x0800b341   Thumb Code    10  dcheck1.o(x$fpl$dcheck1)
    __fpl_dcmp_Inf                           0x0800b351   Thumb Code    24  dcmpi.o(x$fpl$dcmpinf)
    __aeabi_ddiv                             0x0800b369   Thumb Code     0  ddiv.o(x$fpl$ddiv)
    _ddiv                                    0x0800b369   Thumb Code   552  ddiv.o(x$fpl$ddiv)
    __aeabi_cdcmpeq                          0x0800b619   Thumb Code     0  deqf.o(x$fpl$deqf)
    _dcmpeq                                  0x0800b619   Thumb Code   120  deqf.o(x$fpl$deqf)
    __aeabi_d2iz                             0x0800b691   Thumb Code     0  dfix.o(x$fpl$dfix)
    _dfix                                    0x0800b691   Thumb Code    94  dfix.o(x$fpl$dfix)
    __aeabi_i2d                              0x0800b6ef   Thumb Code     0  dflt_clz.o(x$fpl$dflt)
    _dflt                                    0x0800b6ef   Thumb Code    46  dflt_clz.o(x$fpl$dflt)
    __aeabi_ui2d                             0x0800b71d   Thumb Code     0  dflt_clz.o(x$fpl$dfltu)
    _dfltu                                   0x0800b71d   Thumb Code    38  dflt_clz.o(x$fpl$dfltu)
    __aeabi_cdcmple                          0x0800b745   Thumb Code     0  dleqf.o(x$fpl$dleqf)
    _dcmple                                  0x0800b745   Thumb Code   120  dleqf.o(x$fpl$dleqf)
    __fpl_dcmple_InfNaN                      0x0800b7a7   Thumb Code     0  dleqf.o(x$fpl$dleqf)
    __aeabi_dmul                             0x0800b7bd   Thumb Code     0  dmul.o(x$fpl$dmul)
    _dmul                                    0x0800b7bd   Thumb Code   332  dmul.o(x$fpl$dmul)
    __fpl_dnaninf                            0x0800b911   Thumb Code   156  dnaninf.o(x$fpl$dnaninf)
    __fpl_dretinf                            0x0800b9ad   Thumb Code    12  dretinf.o(x$fpl$dretinf)
    __aeabi_cdrcmple                         0x0800b9b9   Thumb Code     0  drleqf.o(x$fpl$drleqf)
    _drcmple                                 0x0800b9b9   Thumb Code   108  drleqf.o(x$fpl$drleqf)
    __aeabi_drsub                            0x0800ba25   Thumb Code     0  daddsub_clz.o(x$fpl$drsb)
    _drsb                                    0x0800ba25   Thumb Code    22  daddsub_clz.o(x$fpl$drsb)
    _dsqrt                                   0x0800ba3d   Thumb Code   404  dsqrt_umaal.o(x$fpl$dsqrt)
    __aeabi_dsub                             0x0800bbd5   Thumb Code     0  daddsub_clz.o(x$fpl$dsub)
    _dsub                                    0x0800bbd5   Thumb Code   464  daddsub_clz.o(x$fpl$dsub)
    __aeabi_f2d                              0x0800bda9   Thumb Code     0  f2d.o(x$fpl$f2d)
    _f2d                                     0x0800bda9   Thumb Code    86  f2d.o(x$fpl$f2d)
    __fpl_fnaninf                            0x0800bdff   Thumb Code   140  fnaninf.o(x$fpl$fnaninf)
    _fp_init                                 0x0800be8b   Thumb Code    10  fpinit.o(x$fpl$fpinit)
    __fplib_config_fpu_vfp                   0x0800be93   Thumb Code     0  fpinit.o(x$fpl$fpinit)
    __fplib_config_pureend_doubles           0x0800be93   Thumb Code     0  fpinit.o(x$fpl$fpinit)
    __fpl_fretinf                            0x0800be95   Thumb Code    10  fretinf.o(x$fpl$fretinf)
    __fpl_return_NaN                         0x0800be9f   Thumb Code   100  retnan.o(x$fpl$retnan)
    __ARM_scalbn                             0x0800bf03   Thumb Code    92  scalbn.o(x$fpl$scalbn)
    _scanf_real                              0x0800bf5f   Thumb Code     4  scanf1.o(x$fpl$scanf1)
    _scanf_hex_real                          0x0800bf63   Thumb Code     4  scanf2.o(x$fpl$scanf2)
    _scanf_infnan                            0x0800bf67   Thumb Code     4  scanf2.o(x$fpl$scanf2)
    __fpl_cmpreturn                          0x0800bf6b   Thumb Code    48  trapv.o(x$fpl$trapveneer)
    __I$use$fp                               0x0800bf9a   Number         0  usenofp.o(x$fpl$usenofp)
    reg                                      0x0800bf9c   Data          27  inv_mpu.o(.constdata)
    hw                                       0x0800bfb8   Data          12  inv_mpu.o(.constdata)
    test                                     0x0800bfc4   Data          40  inv_mpu.o(.constdata)
    __mathlib_zero                           0x0800cd38   Data           8  qnan.o(.constdata)
    Region$$Table$$Base                      0x0800cf14   Number         0  anon$$obj.o(Region$$Table)
    Region$$Table$$Limit                     0x0800cf34   Number         0  anon$$obj.o(Region$$Table)
    __aeabi_HUGE_VAL                         0x0800cf34   Data           0  fpconst.o(c$$dinf)
    __aeabi_HUGE_VALL                        0x0800cf34   Data           0  fpconst.o(c$$dinf)
    __aeabi_INFINITY                         0x0800cf34   Data           0  fpconst.o(c$$dinf)
    __dInf                                   0x0800cf34   Data           0  fpconst.o(c$$dinf)
    __huge_val                               0x0800cf34   Data           0  fpconst.o(c$$dinf)
    __ctype                                  0x0800cf65   Data           0  lc_ctype_c.o(locale$$data)
    theta                                    0x20000000   Data          80  main.o(.data)
    gyrox                                    0x20000050   Data           2  main.o(.data)
    gyroy                                    0x20000052   Data           2  main.o(.data)
    gyroz                                    0x20000054   Data           2  main.o(.data)
    gyox_1                                   0x20000056   Data           2  main.o(.data)
    gyoy_1                                   0x20000058   Data           2  main.o(.data)
    gyoz_1                                   0x2000005a   Data           2  main.o(.data)
    pitch_v                                  0x2000005c   Data           4  main.o(.data)
    roll_v                                   0x20000060   Data           4  main.o(.data)
    yaw_v                                    0x20000064   Data           4  main.o(.data)
    err_v                                    0x20000068   Data           4  main.o(.data)
    roll_v_now                               0x2000006c   Data           4  main.o(.data)
    aacx                                     0x20000070   Data           2  main.o(.data)
    aacy                                     0x20000072   Data           2  main.o(.data)
    aacz                                     0x20000074   Data           2  main.o(.data)
    x                                        0x20000078   Data           4  main.o(.data)
    i                                        0x2000007c   Data           4  main.o(.data)
    x_v                                      0x20000080   Data           4  main.o(.data)
    y_v                                      0x20000084   Data           4  main.o(.data)
    d                                        0x20000088   Data           4  main.o(.data)
    b                                        0x2000008c   Data           4  main.o(.data)
    c                                        0x20000090   Data           4  main.o(.data)
    flag                                     0x20000094   Data           4  main.o(.data)
    flag_v                                   0x20000098   Data           4  main.o(.data)
    alfa                                     0x200000a0   Data           8  main.o(.data)
    PWM_1                                    0x200000a8   Data           4  main.o(.data)
    PWM_2                                    0x200000ac   Data           4  main.o(.data)
    gama                                     0x200000b0   Data           4  main.o(.data)
    pitch                                    0x200000b4   Data           4  main.o(.data)
    roll                                     0x200000b8   Data           4  main.o(.data)
    yaw                                      0x200000bc   Data           4  main.o(.data)
    d_v                                      0x200000c0   Data           4  main.o(.data)
    b_v                                      0x200000c4   Data           4  main.o(.data)
    roll_max                                 0x200000c8   Data           4  main.o(.data)
    aim                                      0x200000cc   Data           4  main.o(.data)
    pitch_max                                0x200000d0   Data           4  main.o(.data)
    err_v_2                                  0x200000d4   Data           4  main.o(.data)
    theta_1                                  0x200000d8   Data           4  main.o(.data)
    circle                                   0x200000dc   Data           4  main.o(.data)
    SystemCoreClock                          0x200000e0   Data           4  system_stm32f4xx.o(.data)
    AHBPrescTable                            0x200000e4   Data          16  system_stm32f4xx.o(.data)
    ms                                       0x20000130   Data           4  timer.o(.data)
    us                                       0x20000138   Data           8  timer.o(.data)
    flag_a                                   0x20000140   Data           4  timer.o(.data)
    flag_b                                   0x20000144   Data           4  timer.o(.data)
    key                                      0x20000148   Data           1  remote.o(.data)
    str_temp                                 0x20000149   Data           1  remote.o(.data)
    str_i                                    0x2000014c   Data           4  remote.o(.data)
    temp_i                                   0x20000150   Data           4  remote.o(.data)
    data                                     0x20000154   Data           4  remote.o(.data)
    RmtSta                                   0x20000158   Data           1  remote.o(.data)
    Dval                                     0x2000015a   Data           2  remote.o(.data)
    RmtRec                                   0x2000015c   Data           4  remote.o(.data)
    RmtCnt                                   0x20000160   Data           1  remote.o(.data)
    __stdout                                 0x20000164   Data           4  usart.o(.data)
    USART_RX_STA                             0x20000168   Data           2  usart.o(.data)
    S                                        0x20000180   Data          72  main.o(.bss)
    sp                                       0x200001c8   Data          10  main.o(.bss)
    yj                                       0x200001d2   Data          10  main.o(.bss)
    hj                                       0x200001dc   Data          10  main.o(.bss)
    str                                      0x200001f8   Data          10  remote.o(.bss)
    USART_RX_BUF                             0x20000202   Data         200  usart.o(.bss)
    __libspace_start                         0x200002cc   Data          96  libspace.o(.bss)
    __temporary_stack_top$libspace           0x2000032c   Data           0  libspace.o(.bss)



==============================================================================

Memory Map of the image

  Image Entry point : 0x08000189

  Load Region LR_IROM1 (Base: 0x08000000, Size: 0x0000d1e8, Max: 0x00100000, ABSOLUTE, COMPRESSED[0x0000d0bc])

    Execution Region ER_IROM1 (Base: 0x08000000, Size: 0x0000d068, Max: 0x00100000, ABSOLUTE)

    Base Addr    Size         Type   Attr      Idx    E Section Name        Object

    0x08000000   0x00000188   Data   RO          605    RESET               startup_stm32f40_41xxx.o
    0x08000188   0x00000008   Code   RO          845  * !!!main             c_w.l(__main.o)
    0x08000190   0x00000034   Code   RO         1310    !!!scatter          c_w.l(__scatter.o)
    0x080001c4   0x0000005a   Code   RO         1308    !!dczerorl2         c_w.l(__dczerorl2.o)
    0x0800021e   0x00000002   PAD
    0x08000220   0x0000001c   Code   RO         1312    !!handler_zi        c_w.l(__scatter_zi.o)
    0x0800023c   0x00000000   Code   RO          834    .ARM.Collect$$_printf_percent$$00000000  c_w.l(_printf_percent.o)
    0x0800023c   0x00000006   Code   RO          833    .ARM.Collect$$_printf_percent$$00000009  c_w.l(_printf_d.o)
    0x08000242   0x00000006   Code   RO          832    .ARM.Collect$$_printf_percent$$0000000C  c_w.l(_printf_x.o)
    0x08000248   0x00000004   Code   RO          964    .ARM.Collect$$_printf_percent$$00000017  c_w.l(_printf_percent_end.o)
    0x0800024c   0x00000002   Code   RO         1092    .ARM.Collect$$libinit$$00000000  c_w.l(libinit.o)
    0x0800024e   0x00000004   Code   RO         1093    .ARM.Collect$$libinit$$00000001  c_w.l(libinit2.o)
    0x08000252   0x00000000   Code   RO         1096    .ARM.Collect$$libinit$$00000004  c_w.l(libinit2.o)
    0x08000252   0x00000000   Code   RO         1099    .ARM.Collect$$libinit$$0000000A  c_w.l(libinit2.o)
    0x08000252   0x00000000   Code   RO         1101    .ARM.Collect$$libinit$$0000000C  c_w.l(libinit2.o)
    0x08000252   0x00000000   Code   RO         1103    .ARM.Collect$$libinit$$0000000E  c_w.l(libinit2.o)
    0x08000252   0x00000006   Code   RO         1104    .ARM.Collect$$libinit$$0000000F  c_w.l(libinit2.o)
    0x08000258   0x00000000   Code   RO         1106    .ARM.Collect$$libinit$$00000011  c_w.l(libinit2.o)
    0x08000258   0x0000000c   Code   RO         1107    .ARM.Collect$$libinit$$00000012  c_w.l(libinit2.o)
    0x08000264   0x00000000   Code   RO         1108    .ARM.Collect$$libinit$$00000013  c_w.l(libinit2.o)
    0x08000264   0x00000000   Code   RO         1110    .ARM.Collect$$libinit$$00000015  c_w.l(libinit2.o)
    0x08000264   0x0000000a   Code   RO         1111    .ARM.Collect$$libinit$$00000016  c_w.l(libinit2.o)
    0x0800026e   0x00000000   Code   RO         1112    .ARM.Collect$$libinit$$00000017  c_w.l(libinit2.o)
    0x0800026e   0x00000000   Code   RO         1114    .ARM.Collect$$libinit$$00000019  c_w.l(libinit2.o)
    0x0800026e   0x00000000   Code   RO         1116    .ARM.Collect$$libinit$$0000001B  c_w.l(libinit2.o)
    0x0800026e   0x00000000   Code   RO         1118    .ARM.Collect$$libinit$$0000001D  c_w.l(libinit2.o)
    0x0800026e   0x00000000   Code   RO         1120    .ARM.Collect$$libinit$$0000001F  c_w.l(libinit2.o)
    0x0800026e   0x00000000   Code   RO         1122    .ARM.Collect$$libinit$$00000021  c_w.l(libinit2.o)
    0x0800026e   0x00000000   Code   RO         1124    .ARM.Collect$$libinit$$00000023  c_w.l(libinit2.o)
    0x0800026e   0x00000000   Code   RO         1126    .ARM.Collect$$libinit$$00000025  c_w.l(libinit2.o)
    0x0800026e   0x00000000   Code   RO         1130    .ARM.Collect$$libinit$$0000002C  c_w.l(libinit2.o)
    0x0800026e   0x00000000   Code   RO         1132    .ARM.Collect$$libinit$$0000002E  c_w.l(libinit2.o)
    0x0800026e   0x00000000   Code   RO         1134    .ARM.Collect$$libinit$$00000030  c_w.l(libinit2.o)
    0x0800026e   0x00000000   Code   RO         1136    .ARM.Collect$$libinit$$00000032  c_w.l(libinit2.o)
    0x0800026e   0x00000002   Code   RO         1137    .ARM.Collect$$libinit$$00000033  c_w.l(libinit2.o)
    0x08000270   0x00000002   Code   RO         1245    .ARM.Collect$$libshutdown$$00000000  c_w.l(libshutdown.o)
    0x08000272   0x00000000   Code   RO         1271    .ARM.Collect$$libshutdown$$00000003  c_w.l(libshutdown2.o)
    0x08000272   0x00000000   Code   RO         1274    .ARM.Collect$$libshutdown$$00000006  c_w.l(libshutdown2.o)
    0x08000272   0x00000000   Code   RO         1277    .ARM.Collect$$libshutdown$$00000009  c_w.l(libshutdown2.o)
    0x08000272   0x00000000   Code   RO         1279    .ARM.Collect$$libshutdown$$0000000B  c_w.l(libshutdown2.o)
    0x08000272   0x00000000   Code   RO         1282    .ARM.Collect$$libshutdown$$0000000E  c_w.l(libshutdown2.o)
    0x08000272   0x00000002   Code   RO         1283    .ARM.Collect$$libshutdown$$0000000F  c_w.l(libshutdown2.o)
    0x08000274   0x00000000   Code   RO          955    .ARM.Collect$$rtentry$$00000000  c_w.l(__rtentry.o)
    0x08000274   0x00000000   Code   RO         1026    .ARM.Collect$$rtentry$$00000002  c_w.l(__rtentry2.o)
    0x08000274   0x00000006   Code   RO         1038    .ARM.Collect$$rtentry$$00000004  c_w.l(__rtentry4.o)
    0x0800027a   0x00000000   Code   RO         1028    .ARM.Collect$$rtentry$$00000009  c_w.l(__rtentry2.o)
    0x0800027a   0x00000004   Code   RO         1029    .ARM.Collect$$rtentry$$0000000A  c_w.l(__rtentry2.o)
    0x0800027e   0x00000000   Code   RO         1031    .ARM.Collect$$rtentry$$0000000C  c_w.l(__rtentry2.o)
    0x0800027e   0x00000008   Code   RO         1032    .ARM.Collect$$rtentry$$0000000D  c_w.l(__rtentry2.o)
    0x08000286   0x00000002   Code   RO         1138    .ARM.Collect$$rtexit$$00000000  c_w.l(rtexit.o)
    0x08000288   0x00000000   Code   RO         1201    .ARM.Collect$$rtexit$$00000002  c_w.l(rtexit2.o)
    0x08000288   0x00000004   Code   RO         1202    .ARM.Collect$$rtexit$$00000003  c_w.l(rtexit2.o)
    0x0800028c   0x00000006   Code   RO         1203    .ARM.Collect$$rtexit$$00000004  c_w.l(rtexit2.o)
    0x08000292   0x00000002   PAD
    0x08000294   0x00001104   Code   RO            3    .text               main.o
    0x08001398   0x0000001a   Code   RO          198    .text               stm32f4xx_it.o
    0x080013b2   0x00000002   PAD
    0x080013b4   0x00000210   Code   RO          247    .text               system_stm32f4xx.o
    0x080015c4   0x000022c0   Code   RO          273    .text               inv_mpu.o
    0x08003884   0x00000d90   Code   RO          305    .text               inv_mpu_dmp_motion_driver.o
    0x08004614   0x000003c4   Code   RO          334    .text               mpu6050.o
    0x080049d8   0x0000025c   Code   RO          354    .text               myiic.o
    0x08004c34   0x00000258   Code   RO          374    .text               pwm.o
    0x08004e8c   0x00000264   Code   RO          395    .text               pid.o
    0x080050f0   0x00000aa8   Code   RO          409    .text               chatch.o
    0x08005b98   0x00000174   Code   RO          459    .text               timer.o
    0x08005d0c   0x00000160   Code   RO          487    .text               lcd.o
    0x08005e6c   0x000004fc   Code   RO          507    .text               remote.o
    0x08006368   0x00000154   Code   RO          552    .text               usart.o
    0x080064bc   0x00000104   Code   RO          583    .text               delay.o
    0x080065c0   0x00000040   Code   RO          606    .text               startup_stm32f40_41xxx.o
    0x08006600   0x000000e0   Code   RO          612    .text               misc.o
    0x080066e0   0x00000294   Code   RO          632    .text               stm32f4xx_gpio.o
    0x08006974   0x0000065c   Code   RO          675    .text               stm32f4xx_rcc.o
    0x08006fd0   0x00000094   Code   RO          697    .text               stm32f4xx_syscfg.o
    0x08007064   0x00000454   Code   RO          717    .text               stm32f4xx_usart.o
    0x080074b8   0x00000ca2   Code   RO          737    .text               stm32f4xx_tim.o
    0x0800815a   0x00000002   PAD
    0x0800815c   0x00000110   Code   RO          757    .text               stm32f4xx_exti.o
    0x0800826c   0x00000002   Code   RO          777    .text               c_w.l(use_no_semi_2.o)
    0x0800826e   0x00000048   Code   RO          779    .text               c_w.l(llsdiv.o)
    0x080082b6   0x00000002   PAD
    0x080082b8   0x00000018   Code   RO          783    .text               c_w.l(noretval__2printf.o)
    0x080082d0   0x0000004e   Code   RO          787    .text               c_w.l(_printf_pad.o)
    0x0800831e   0x00000002   PAD
    0x08008320   0x00000078   Code   RO          789    .text               c_w.l(_printf_dec.o)
    0x08008398   0x00000058   Code   RO          794    .text               c_w.l(_printf_hex_int.o)
    0x080083f0   0x00000138   Code   RO          824    .text               c_w.l(__printf_flags_wp.o)
    0x08008528   0x00000058   Code   RO          835    .text               c_w.l(memcmp.o)
    0x08008580   0x0000003e   Code   RO          837    .text               c_w.l(strlen.o)
    0x080085be   0x00000010   Code   RO          839    .text               c_w.l(aeabi_memset.o)
    0x080085ce   0x0000004e   Code   RO          841    .text               c_w.l(rt_memclr_w.o)
    0x0800861c   0x00000006   Code   RO          843    .text               c_w.l(heapauxi.o)
    0x08008622   0x00000002   Code   RO          953    .text               c_w.l(use_no_semi.o)
    0x08008624   0x000000ee   Code   RO          956    .text               c_w.l(lludivv7m.o)
    0x08008712   0x00000016   Code   RO          958    .text               c_w.l(_rserrno.o)
    0x08008728   0x000000b2   Code   RO          960    .text               c_w.l(_printf_intcommon.o)
    0x080087da   0x00000002   PAD
    0x080087dc   0x00000024   Code   RO          962    .text               c_w.l(_printf_char_file.o)
    0x08008800   0x000000a0   Code   RO          965    .text               c_w.l(strtod.o)
    0x080088a0   0x00000044   Code   RO          967    .text               c_w.l(rt_memclr.o)
    0x080088e4   0x00000008   Code   RO         1047    .text               c_w.l(rt_errno_addr_intlibspace.o)
    0x080088ec   0x00000012   Code   RO         1049    .text               c_w.l(isspace.o)
    0x080088fe   0x00000002   PAD
    0x08008900   0x00000030   Code   RO         1051    .text               c_w.l(_printf_char_common.o)
    0x08008930   0x00000040   Code   RO         1053    .text               c_w.l(_sgetc.o)
    0x08008970   0x00000008   Code   RO         1055    .text               c_w.l(ferror.o)
    0x08008978   0x00000008   Code   RO         1070    .text               c_w.l(libspace.o)
    0x08008980   0x0000004a   Code   RO         1073    .text               c_w.l(sys_stackheap_outer.o)
    0x080089ca   0x00000002   PAD
    0x080089cc   0x00000010   Code   RO         1075    .text               c_w.l(rt_ctype_table.o)
    0x080089dc   0x000004a4   Code   RO         1081    .text               c_w.l(scanf_fp.o)
    0x08008e80   0x0000000c   Code   RO         1083    .text               c_w.l(exit.o)
    0x08008e8c   0x00000080   Code   RO         1085    .text               c_w.l(strcmpv7m.o)
    0x08008f0c   0x00000008   Code   RO         1143    .text               c_w.l(rt_locale_intlibspace.o)
    0x08008f14   0x000000dc   Code   RO         1145    .text               c_w.l(bigflt0.o)
    0x08008ff0   0x00000318   Code   RO         1209    .text               c_w.l(scanf_hexfp.o)
    0x08009308   0x00000134   Code   RO         1211    .text               c_w.l(scanf_infnan.o)
    0x0800943c   0x00000026   Code   RO         1231    .text               c_w.l(llshl.o)
    0x08009462   0x0000001c   Code   RO         1233    .text               c_w.l(_chval.o)
    0x0800947e   0x00000338   Code   RO         1158    CL$$btod_div_common  c_w.l(btod.o)
    0x080097b6   0x00000002   PAD
    0x080097b8   0x00000054   Code   RO         1156    CL$$btod_e2d        c_w.l(btod.o)
    0x0800980c   0x000000c6   Code   RO         1155    CL$$btod_e2e        c_w.l(btod.o)
    0x080098d2   0x00000028   Code   RO         1152    CL$$btod_ediv       c_w.l(btod.o)
    0x080098fa   0x00000028   Code   RO         1154    CL$$btod_edivd      c_w.l(btod.o)
    0x08009922   0x00000028   Code   RO         1151    CL$$btod_emul       c_w.l(btod.o)
    0x0800994a   0x00000028   Code   RO         1153    CL$$btod_emuld      c_w.l(btod.o)
    0x08009972   0x00000244   Code   RO         1157    CL$$btod_mult_common  c_w.l(btod.o)
    0x08009bb6   0x00000030   Code   RO          997    i.__ARM_fpclassify  m_wm.l(fpclassify.o)
    0x08009be6   0x00000002   PAD
    0x08009be8   0x00000360   Code   RO          877    i.__hardfp_asin     m_wm.l(asin.o)
    0x08009f48   0x000002d8   Code   RO          891    i.__hardfp_atan     m_wm.l(atan.o)
    0x0800a220   0x000001f0   Code   RO          905    i.__hardfp_atan2    m_wm.l(atan2.o)
    0x0800a410   0x00000038   Code   RO          917    i.__hardfp_atof     m_wm.l(atof.o)
    0x0800a448   0x000000c8   Code   RO          923    i.__hardfp_cos      m_wm.l(cos.o)
    0x0800a510   0x00000014   Code   RO          935    i.__hardfp_fabs     m_wm.l(fabs.o)
    0x0800a524   0x00000004   PAD
    0x0800a528   0x000000d0   Code   RO         1246    i.__hardfp_ldexp    m_wm.l(ldexp.o)
    0x0800a5f8   0x000000c8   Code   RO          941    i.__hardfp_sin      m_wm.l(sin.o)
    0x0800a6c0   0x00000438   Code   RO         1002    i.__ieee754_rem_pio2  m_wm.l(rred.o)
    0x0800aaf8   0x00000170   Code   RO          980    i.__kernel_cos      m_wm.l(cos_i.o)
    0x0800ac68   0x000000f8   Code   RO          999    i.__kernel_poly     m_wm.l(poly.o)
    0x0800ad60   0x00000130   Code   RO         1007    i.__kernel_sin      m_wm.l(sin_i.o)
    0x0800ae90   0x00000014   Code   RO          984    i.__mathlib_dbl_infnan  m_wm.l(dunder.o)
    0x0800aea4   0x00000014   Code   RO          985    i.__mathlib_dbl_infnan2  m_wm.l(dunder.o)
    0x0800aeb8   0x00000020   Code   RO          986    i.__mathlib_dbl_invalid  m_wm.l(dunder.o)
    0x0800aed8   0x00000020   Code   RO          987    i.__mathlib_dbl_overflow  m_wm.l(dunder.o)
    0x0800aef8   0x00000020   Code   RO          989    i.__mathlib_dbl_underflow  m_wm.l(dunder.o)
    0x0800af18   0x000000b8   Code   RO         1193    i.__mathlib_narrow  m_wm.l(narrow.o)
    0x0800afd0   0x00000014   Code   RO         1248    i.__support_ldexp   m_wm.l(ldexp.o)
    0x0800afe4   0x0000000e   Code   RO          822    i._is_digit         c_w.l(__printf_wp.o)
    0x0800aff2   0x00000010   Code   RO          893    i.atan              m_wm.l(atan.o)
    0x0800b002   0x00000018   Code   RO          937    i.fabs              m_wm.l(fabs.o)
    0x0800b01a   0x00000006   PAD
    0x0800b020   0x0000008c   Code   RO         1223    i.frexp             m_wm.l(frexp.o)
    0x0800b0ac   0x0000006e   Code   RO         1015    i.sqrt              m_wm.l(sqrt.o)
    0x0800b11a   0x00000002   PAD
    0x0800b11c   0x0000002c   Code   RO         1060    locale$$code        c_w.l(lc_numeric_c.o)
    0x0800b148   0x0000002c   Code   RO         1171    locale$$code        c_w.l(lc_ctype_c.o)
    0x0800b174   0x00000018   Code   RO          847    x$fpl$basic         fz_wm.l(basic.o)
    0x0800b18c   0x00000062   Code   RO          849    x$fpl$d2f           fz_wm.l(d2f.o)
    0x0800b1ee   0x00000002   PAD
    0x0800b1f0   0x00000150   Code   RO          851    x$fpl$dadd          fz_wm.l(daddsub_clz.o)
    0x0800b340   0x00000010   Code   RO         1300    x$fpl$dcheck1       fz_wm.l(dcheck1.o)
    0x0800b350   0x00000018   Code   RO          969    x$fpl$dcmpinf       fz_wm.l(dcmpi.o)
    0x0800b368   0x000002b0   Code   RO          858    x$fpl$ddiv          fz_wm.l(ddiv.o)
    0x0800b618   0x00000078   Code   RO          861    x$fpl$deqf          fz_wm.l(deqf.o)
    0x0800b690   0x0000005e   Code   RO         1062    x$fpl$dfix          fz_wm.l(dfix.o)
    0x0800b6ee   0x0000002e   Code   RO          864    x$fpl$dflt          fz_wm.l(dflt_clz.o)
    0x0800b71c   0x00000026   Code   RO          863    x$fpl$dfltu         fz_wm.l(dflt_clz.o)
    0x0800b742   0x00000002   PAD
    0x0800b744   0x00000078   Code   RO          869    x$fpl$dleqf         fz_wm.l(dleqf.o)
    0x0800b7bc   0x00000154   Code   RO          871    x$fpl$dmul          fz_wm.l(dmul.o)
    0x0800b910   0x0000009c   Code   RO          971    x$fpl$dnaninf       fz_wm.l(dnaninf.o)
    0x0800b9ac   0x0000000c   Code   RO          973    x$fpl$dretinf       fz_wm.l(dretinf.o)
    0x0800b9b8   0x0000006c   Code   RO          873    x$fpl$drleqf        fz_wm.l(drleqf.o)
    0x0800ba24   0x00000016   Code   RO          852    x$fpl$drsb          fz_wm.l(daddsub_clz.o)
    0x0800ba3a   0x00000002   PAD
    0x0800ba3c   0x00000198   Code   RO         1066    x$fpl$dsqrt         fz_wm.l(dsqrt_umaal.o)
    0x0800bbd4   0x000001d4   Code   RO          853    x$fpl$dsub          fz_wm.l(daddsub_clz.o)
    0x0800bda8   0x00000056   Code   RO          875    x$fpl$f2d           fz_wm.l(f2d.o)
    0x0800bdfe   0x0000008c   Code   RO          975    x$fpl$fnaninf       fz_wm.l(fnaninf.o)
    0x0800be8a   0x0000000a   Code   RO         1182    x$fpl$fpinit        fz_wm.l(fpinit.o)
    0x0800be94   0x0000000a   Code   RO          977    x$fpl$fretinf       fz_wm.l(fretinf.o)
    0x0800be9e   0x00000064   Code   RO         1302    x$fpl$retnan        fz_wm.l(retnan.o)
    0x0800bf02   0x0000005c   Code   RO         1284    x$fpl$scalbn        fz_wm.l(scalbn.o)
    0x0800bf5e   0x00000004   Code   RO         1068    x$fpl$scanf1        fz_wm.l(scanf1.o)
    0x0800bf62   0x00000008   Code   RO         1186    x$fpl$scanf2        fz_wm.l(scanf2.o)
    0x0800bf6a   0x00000030   Code   RO         1304    x$fpl$trapveneer    fz_wm.l(trapv.o)
    0x0800bf9a   0x00000000   Code   RO          979    x$fpl$usenofp       fz_wm.l(usenofp.o)
    0x0800bf9a   0x00000002   PAD
    0x0800bf9c   0x00000050   Data   RO          274    .constdata          inv_mpu.o
    0x0800bfec   0x00000bf6   Data   RO          307    .constdata          inv_mpu_dmp_motion_driver.o
    0x0800cbe2   0x00000028   Data   RO          795    .constdata          c_w.l(_printf_hex_int.o)
    0x0800cc0a   0x00000011   Data   RO          825    .constdata          c_w.l(__printf_flags_wp.o)
    0x0800cc1b   0x00000005   PAD
    0x0800cc20   0x00000050   Data   RO          880    .constdata          m_wm.l(asin.o)
    0x0800cc70   0x00000098   Data   RO          894    .constdata          m_wm.l(atan.o)
    0x0800cd08   0x00000030   Data   RO          981    .constdata          m_wm.l(cos_i.o)
    0x0800cd38   0x00000008   Data   RO         1001    .constdata          m_wm.l(qnan.o)
    0x0800cd40   0x000000c8   Data   RO         1004    .constdata          m_wm.l(rred.o)
    0x0800ce08   0x00000028   Data   RO         1008    .constdata          m_wm.l(sin_i.o)
    0x0800ce30   0x00000094   Data   RO         1146    .constdata          c_w.l(bigflt0.o)
    0x0800cec4   0x0000004d   Data   RO          275    .conststring        inv_mpu.o
    0x0800cf11   0x00000003   PAD
    0x0800cf14   0x00000020   Data   RO         1306    Region$$Table       anon$$obj.o
    0x0800cf34   0x00000008   Data   RO         1179    c$$dinf             fz_wm.l(fpconst.o)
    0x0800cf3c   0x0000001c   Data   RO         1059    locale$$data        c_w.l(lc_numeric_c.o)
    0x0800cf58   0x00000110   Data   RO         1170    locale$$data        c_w.l(lc_ctype_c.o)


    Execution Region RW_IRAM1 (Base: 0x20000000, Size: 0x00000930, Max: 0x00020000, ABSOLUTE, COMPRESSED[0x00000054])

    Base Addr    Size         Type   Attr      Idx    E Section Name        Object

    0x20000000   0x000000e0   Data   RW            5    .data               main.o
    0x200000e0   0x00000014   Data   RW          248    .data               system_stm32f4xx.o
    0x200000f4   0x00000035   Data   RW          276    .data               inv_mpu.o
    0x20000129   0x00000007   PAD
    0x20000130   0x00000018   Data   RW          460    .data               timer.o
    0x20000148   0x00000019   Data   RW          509    .data               remote.o
    0x20000161   0x00000003   PAD
    0x20000164   0x00000006   Data   RW          554    .data               usart.o
    0x2000016a   0x00000004   Data   RW          584    .data               delay.o
    0x2000016e   0x00000010   Data   RW          676    .data               stm32f4xx_rcc.o
    0x2000017e   0x00000002   PAD
    0x20000180   0x00000066   Zero   RW            4    .bss                main.o
    0x200001e6   0x00000002   PAD
    0x200001e8   0x00000010   Zero   RW          306    .bss                inv_mpu_dmp_motion_driver.o
    0x200001f8   0x0000000a   Zero   RW          508    .bss                remote.o
    0x20000202   0x000000c8   Zero   RW          553    .bss                usart.o
    0x200002ca   0x00000002   PAD
    0x200002cc   0x00000060   Zero   RW         1071    .bss                c_w.l(libspace.o)
    0x2000032c   0x00000004   PAD
    0x20000330   0x00000200   Zero   RW          604    HEAP                startup_stm32f40_41xxx.o
    0x20000530   0x00000400   Zero   RW          603    STACK               startup_stm32f40_41xxx.o


==============================================================================

Image component sizes


      Code (inc. data)   RO Data    RW Data    ZI Data      Debug   Object Name

      2728        242          0          0          0       2310   chatch.o
       260          8          0          4          0       1421   delay.o
      8896        222        157         53          0      23617   inv_mpu.o
      3472        142       3062          0         16      15019   inv_mpu_dmp_motion_driver.o
       352          6          0          0          0       1670   lcd.o
      4356        534          0        224        102     288519   main.o
       224         20          0          0          0       1805   misc.o
       964         22          0          0          0       4567   mpu6050.o
       604         14          0          0          0       1852   myiic.o
       612          8          0          0          0       1547   pid.o
       600         24          0          0          0       1540   pwm.o
      1276         62          0         25         10       2902   remote.o
        64         26        392          0       1536        824   startup_stm32f40_41xxx.o
       272         10          0          0          0       2247   stm32f4xx_exti.o
       660         44          0          0          0       4081   stm32f4xx_gpio.o
        26          0          0          0          0     230334   stm32f4xx_it.o
      1628         52          0         16          0      12864   stm32f4xx_rcc.o
       148         12          0          0          0       1837   stm32f4xx_syscfg.o
      3234         60          0          0          0      22284   stm32f4xx_tim.o
      1108         34          0          0          0       7780   stm32f4xx_usart.o
       528         46          0         20          0       1759   system_stm32f4xx.o
       372         58          0         24          0       1432   timer.o
       340         18          0          6        200       3318   usart.o

    ----------------------------------------------------------------------
     32728       1664       3646        384       1868     635529   Object Totals
         0          0         32          0          0          0   (incl. Generated)
         4          0          3         12          4          0   (incl. Padding)

    ----------------------------------------------------------------------

      Code (inc. data)   RO Data    RW Data    ZI Data      Debug   Library Member Name

        90          0          0          0          0          0   __dczerorl2.o
         8          0          0          0          0         68   __main.o
       312          4         17          0          0         92   __printf_flags_wp.o
        14          0          0          0          0         68   __printf_wp.o
         0          0          0          0          0          0   __rtentry.o
        12          0          0          0          0          0   __rtentry2.o
         6          0          0          0          0          0   __rtentry4.o
        52          8          0          0          0          0   __scatter.o
        28          0          0          0          0          0   __scatter_zi.o
        28          0          0          0          0         68   _chval.o
        48          6          0          0          0         96   _printf_char_common.o
        36          4          0          0          0         80   _printf_char_file.o
         6          0          0          0          0          0   _printf_d.o
       120         16          0          0          0         92   _printf_dec.o
        88          4         40          0          0         88   _printf_hex_int.o
       178          0          0          0          0         88   _printf_intcommon.o
        78          0          0          0          0        108   _printf_pad.o
         0          0          0          0          0          0   _printf_percent.o
         4          0          0          0          0          0   _printf_percent_end.o
         6          0          0          0          0          0   _printf_x.o
        22          0          0          0          0        100   _rserrno.o
        64          0          0          0          0         84   _sgetc.o
        16          0          0          0          0         68   aeabi_memset.o
       220          4        148          0          0         96   bigflt0.o
      1846        132          0          0          0        736   btod.o
        12          0          0          0          0         72   exit.o
         8          0          0          0          0         68   ferror.o
         6          0          0          0          0        152   heapauxi.o
        18          0          0          0          0         76   isspace.o
        44         10        272          0          0         76   lc_ctype_c.o
        44         10         28          0          0         76   lc_numeric_c.o
         2          0          0          0          0          0   libinit.o
        34          0          0          0          0          0   libinit2.o
         2          0          0          0          0          0   libshutdown.o
         2          0          0          0          0          0   libshutdown2.o
         8          4          0          0         96         68   libspace.o
        72          0          0          0          0         76   llsdiv.o
        38          0          0          0          0         68   llshl.o
       238          0          0          0          0        100   lludivv7m.o
        88          0          0          0          0         76   memcmp.o
        24          4          0          0          0         84   noretval__2printf.o
        16          4          0          0          0         76   rt_ctype_table.o
         8          4          0          0          0         68   rt_errno_addr_intlibspace.o
         8          4          0          0          0         68   rt_locale_intlibspace.o
        68          0          0          0          0         68   rt_memclr.o
        78          0          0          0          0         80   rt_memclr_w.o
         2          0          0          0          0          0   rtexit.o
        10          0          0          0          0          0   rtexit2.o
      1188         12          0          0          0        148   scanf_fp.o
       792         14          0          0          0        100   scanf_hexfp.o
       308         16          0          0          0        100   scanf_infnan.o
       128          0          0          0          0         68   strcmpv7m.o
        62          0          0          0          0         76   strlen.o
       160         12          0          0          0        120   strtod.o
        74          0          0          0          0         80   sys_stackheap_outer.o
         2          0          0          0          0         68   use_no_semi.o
         2          0          0          0          0         68   use_no_semi_2.o
        24          0          0          0          0        164   basic.o
        98          4          0          0          0        140   d2f.o
       826         16          0          0          0        492   daddsub_clz.o
        16          4          0          0          0        116   dcheck1.o
        24          0          0          0          0        116   dcmpi.o
       688        140          0          0          0        256   ddiv.o
       120          4          0          0          0        140   deqf.o
        94          4          0          0          0        140   dfix.o
        84          0          0          0          0        232   dflt_clz.o
       120          4          0          0          0        140   dleqf.o
       340         12          0          0          0        152   dmul.o
       156          4          0          0          0        140   dnaninf.o
        12          0          0          0          0        116   dretinf.o
       108          0          0          0          0        128   drleqf.o
       408         56          0          0          0        168   dsqrt_umaal.o
        86          4          0          0          0        132   f2d.o
       140          4          0          0          0        132   fnaninf.o
         0          0          8          0          0          0   fpconst.o
        10          0          0          0          0        116   fpinit.o
        10          0          0          0          0        116   fretinf.o
       100          0          0          0          0        116   retnan.o
        92          0          0          0          0        116   scalbn.o
         4          0          0          0          0        116   scanf1.o
         8          0          0          0          0        132   scanf2.o
        48          0          0          0          0        116   trapv.o
         0          0          0          0          0          0   usenofp.o
       864         94         80          0          0        280   asin.o
       744        106        152          0          0        352   atan.o
       496         64          0          0          0        192   atan2.o
        56         12          0          0          0        132   atof.o
       200         20          0          0          0        164   cos.o
       368         46         48          0          0        200   cos_i.o
       136         24          0          0          0        620   dunder.o
        44          0          0          0          0        248   fabs.o
        48          0          0          0          0        124   fpclassify.o
       140         22          0          0          0        132   frexp.o
       228          8          0          0          0        308   ldexp.o
       184         18          0          0          0        152   narrow.o
       248          0          0          0          0        152   poly.o
         0          0          8          0          0          0   qnan.o
      1080        142        200          0          0        188   rred.o
       200         20          0          0          0        164   sin.o
       304         24         40          0          0        208   sin_i.o
       110          0          0          0          0        148   sqrt.o

    ----------------------------------------------------------------------
     15932       1130       1046          0        100      11608   Library Totals
        38          2          5          0          4          0   (incl. Padding)

    ----------------------------------------------------------------------

      Code (inc. data)   RO Data    RW Data    ZI Data      Debug   Library Name

      6828        272        505          0         96       4112   c_w.l
      3616        256          8          0          0       3732   fz_wm.l
      5450        600        528          0          0       3764   m_wm.l

    ----------------------------------------------------------------------
     15932       1130       1046          0        100      11608   Library Totals

    ----------------------------------------------------------------------

==============================================================================


      Code (inc. data)   RO Data    RW Data    ZI Data      Debug   

     48660       2794       4692        384       1968     635549   Grand Totals
     48660       2794       4692         84       1968     635549   ELF Image Totals (compressed)
     48660       2794       4692         84          0          0   ROM Totals

==============================================================================

    Total RO  Size (Code + RO Data)                53352 (  52.10kB)
    Total RW  Size (RW Data + ZI Data)              2352 (   2.30kB)
    Total ROM Size (Code + RO Data + RW Data)      53436 (  52.18kB)

==============================================================================

